This is LuaHBTeX, Version 1.15.1 (MiKTeX 22.12) (format=lualatex 2025.7.15)  26 NOV 2025 20:43
 restricted system commands enabled.
**Time_Series.tex
(./Time_Series.tex
LaTeX2e <2022-11-01> patch level 1
Lua module: luaotfload 2022-10-03 3.23 Lua based OpenType font support
Lua module: lualibs 2022-10-04 2.75 ConTeXt Lua standard libraries.
Lua module: lualibs-extended 2022-10-04 2.75 ConTeXt Lua libraries -- extended c
ollection.
luaotfload | conf : Root cache directory is "C:/Users/Ananda/AppData/Local/MiKTe
X/luatex-cache/generic/names".
luaotfload | init : Loading fontloader "fontloader-2022-10-03.lua" from kpse-res
olved path "C:/Users/Ananda/AppData/Local/Programs/MiKTeX/tex/luatex/luaotfload/
fontloader-2022-10-03.lua".
Lua-only attribute luaotfload@noligature = 1
luaotfload | init : Context OpenType loader version 3.120
Inserting `luaotfload.node_processor' in `pre_linebreak_filter'.
Inserting `luaotfload.node_processor' in `hpack_filter'.
Inserting `luaotfload.glyph_stream' in `glyph_stream_provider'.
Inserting `luaotfload.define_font' in `define_font'.
Lua-only attribute luaotfload_color_attribute = 2
luaotfload | conf : Root cache directory is "C:/Users/Ananda/AppData/Local/MiKTe
X/luatex-cache/generic/names".
Inserting `luaotfload.harf.strip_prefix' in `find_opentype_file'.
Inserting `luaotfload.harf.strip_prefix' in `find_truetype_file'.
Removing  `luaotfload.glyph_stream' from `glyph_stream_provider'.
Inserting `luaotfload.harf.glyphstream' in `glyph_stream_provider'.
Inserting `luaotfload.harf.finalize_vlist' in `post_linebreak_filter'.
Inserting `luaotfload.harf.finalize_hlist' in `hpack_filter'.
Inserting `luaotfload.cleanup_files' in `wrapup_run'.
Inserting `luaotfload.harf.finalize_unicode' in `finish_pdffile'.
Inserting `luaotfload.glyphinfo' in `glyph_info'.
Lua-only attribute luaotfload.letterspace_done = 3
Inserting `luaotfload.aux.set_sscale_dimens' in `luaotfload.patch_font'.
Inserting `luaotfload.aux.set_font_index' in `luaotfload.patch_font'.
Inserting `luaotfload.aux.patch_cambria_domh' in `luaotfload.patch_font'.
Inserting `luaotfload.aux.fixup_fontdata' in `luaotfload.patch_font_unsafe'.
Inserting `luaotfload.aux.set_capheight' in `luaotfload.patch_font'.
Inserting `luaotfload.aux.set_xheight' in `luaotfload.patch_font'.
Inserting `luaotfload.rewrite_fontname' in `luaotfload.patch_font'. L3 programm
ing layer <2022-12-17>
Inserting `tracingstacklevels' in `input_level_string'.
(C:/Users/Ananda/AppData/Local/Programs/MiKTeX/tex/latex/base/article.cls
Document Class: article 2022/07/02 v1.4n Standard LaTeX document class
(C:/Users/Ananda/AppData/Local/Programs/MiKTeX/tex/latex/base/size11.clo
File: size11.clo 2022/07/02 v1.4n Standard LaTeX file (size option)
luaotfload | db : Font names database loaded from C:/Users/Ananda/AppData/Local/
MiKTeX/luatex-cache/generic/names/luaotfload-names.luc.gz)
\c@part=\count183
\c@section=\count184
\c@subsection=\count185
\c@subsubsection=\count186
\c@paragraph=\count187
\c@subparagraph=\count188
\c@figure=\count189
\c@table=\count190
\abovecaptionskip=\skip48
\belowcaptionskip=\skip49
\bibindent=\dimen139
)
(C:/Users/Ananda/AppData/Local/Programs/MiKTeX/tex/latex/geometry/geometry.sty
Package: geometry 2020/01/02 v5.9 Page Geometry

(C:/Users/Ananda/AppData/Local/Programs/MiKTeX/tex/latex/graphics/keyval.sty
Package: keyval 2022/05/29 v1.15 key=value parser (DPC)
\KV@toks@=\toks16
)
(C:/Users/Ananda/AppData/Local/Programs/MiKTeX/tex/generic/iftex/ifvtex.sty
Package: ifvtex 2019/10/25 v1.7 ifvtex legacy package. Use iftex instead.

(C:/Users/Ananda/AppData/Local/Programs/MiKTeX/tex/generic/iftex/iftex.sty
Package: iftex 2022/02/03 v1.0f TeX engine tests
))
\Gm@cnth=\count191
\Gm@cntv=\count192
\c@Gm@tempcnt=\count193
\Gm@bindingoffset=\dimen140
\Gm@wd@mp=\dimen141
\Gm@odd@mp=\dimen142
\Gm@even@mp=\dimen143
\Gm@layoutwidth=\dimen144
\Gm@layoutheight=\dimen145
\Gm@layouthoffset=\dimen146
\Gm@layoutvoffset=\dimen147
\Gm@dimlist=\toks17

(C:/Users/Ananda/AppData/Local/Programs/MiKTeX/tex/latex/geometry/geometry.cfg))
 (C:/Users/Ananda/AppData/Local/Programs/MiKTeX/tex/latex/amsmath/amsmath.sty
Package: amsmath 2022/04/08 v2.17n AMS math features
\@mathmargin=\skip50

For additional information on amsmath, use the `?' option.
(C:/Users/Ananda/AppData/Local/Programs/MiKTeX/tex/latex/amsmath/amstext.sty
Package: amstext 2021/08/26 v2.01 AMS text

(C:/Users/Ananda/AppData/Local/Programs/MiKTeX/tex/latex/amsmath/amsgen.sty
File: amsgen.sty 1999/11/30 v2.0 generic functions
\@emptytoks=\toks18
\ex@=\dimen148
))
(C:/Users/Ananda/AppData/Local/Programs/MiKTeX/tex/latex/amsmath/amsbsy.sty
Package: amsbsy 1999/11/29 v1.2d Bold Symbols
\pmbraise@=\dimen149
)
(C:/Users/Ananda/AppData/Local/Programs/MiKTeX/tex/latex/amsmath/amsopn.sty
Package: amsopn 2022/04/08 v2.04 operator names
)
\inf@bad=\count194
LaTeX Info: Redefining \frac on input line 236.
\uproot@=\count195
\leftroot@=\count196
LaTeX Info: Redefining \overline on input line 399.
LaTeX Info: Redefining \colon on input line 410.
\classnum@=\count197
\DOTSCASE@=\count198
LaTeX Info: Redefining \ldots on input line 496.
LaTeX Info: Redefining \dots on input line 499.
LaTeX Info: Redefining \cdots on input line 620.
\Mathstrutbox@=\box51
\strutbox@=\box52
LaTeX Info: Redefining \big on input line 722.
LaTeX Info: Redefining \Big on input line 723.
LaTeX Info: Redefining \bigg on input line 724.
LaTeX Info: Redefining \Bigg on input line 725.
\big@size=\dimen150
LaTeX Font Info:    Redeclaring font encoding OML on input line 743.
LaTeX Font Info:    Redeclaring font encoding OMS on input line 744.
\macc@depth=\count199
LaTeX Info: Redefining \bmod on input line 905.
LaTeX Info: Redefining \pmod on input line 910.
LaTeX Info: Redefining \smash on input line 940.
LaTeX Info: Redefining \relbar on input line 970.
LaTeX Info: Redefining \Relbar on input line 971.
\c@MaxMatrixCols=\count266
\dotsspace@=\muskip16
\c@parentequation=\count267
\dspbrk@lvl=\count268
\tag@help=\toks19
\row@=\count269
\column@=\count270
\maxfields@=\count271
\andhelp@=\toks20
\eqnshift@=\dimen151
\alignsep@=\dimen152
\tagshift@=\dimen153
\tagwidth@=\dimen154
\totwidth@=\dimen155
\lineht@=\dimen156
\@envbody=\toks21
\multlinegap=\skip51
\multlinetaggap=\skip52
\mathdisplay@stack=\toks22
LaTeX Info: Redefining \[ on input line 2953.
LaTeX Info: Redefining \] on input line 2954.
)
(C:/Users/Ananda/AppData/Local/Programs/MiKTeX/tex/latex/amsfonts/amssymb.sty
Package: amssymb 2013/01/14 v3.01 AMS font symbols

(C:/Users/Ananda/AppData/Local/Programs/MiKTeX/tex/latex/amsfonts/amsfonts.sty
Package: amsfonts 2013/01/14 v3.01 Basic AMSFonts support
\symAMSa=\mathgroup4
\symAMSb=\mathgroup5
LaTeX Font Info:    Redeclaring math symbol \hbar on input line 98.
LaTeX Font Info:    Overwriting math alphabet `\mathfrak' in version `bold'
(Font)                  U/euf/m/n --> U/euf/b/n on input line 106.
)) (C:/Users/Ananda/AppData/Local/Programs/MiKTeX/tex/latex/tools/enumerate.sty
Package: enumerate 2015/07/23 v3.00 enumerate extensions (DPC)
\@enLab=\toks23
) (C:/Users/Ananda/AppData/Local/Programs/MiKTeX/tex/latex/multirow/multirow.st
y
Package: multirow 2021/03/15 v2.8 Span multiple rows of a table
\multirow@colwidth=\skip53
\multirow@cntb=\count272
\multirow@dima=\skip54
\bigstrutjot=\dimen157
) (C:/Users/Ananda/AppData/Local/Programs/MiKTeX/tex/latex/tools/hhline.sty
Package: hhline 2020/01/04 v2.04 Table rule package (DPC)
)
(C:/Users/Ananda/AppData/Local/Programs/MiKTeX/tex/latex/tools/array.sty
Package: array 2022/03/10 v2.5f Tabular extension package (FMi)
\col@sep=\dimen158
\ar@mcellbox=\box53
\extrarowheight=\dimen159
\NC@list=\toks24
\extratabsurround=\skip55
\backup@length=\skip56
\ar@cellbox=\box54
)
(C:/Users/Ananda/AppData/Local/Programs/MiKTeX/tex/latex/tools/longtable.sty
Package: longtable 2021-09-01 v4.17 Multi-page Table package (DPC)
\LTleft=\skip57
\LTright=\skip58
\LTpre=\skip59
\LTpost=\skip60
\LTchunksize=\count273
\LTcapwidth=\dimen160
\LT@head=\box55
\LT@firsthead=\box56
\LT@foot=\box57
\LT@lastfoot=\box58
\LT@gbox=\box59
\LT@cols=\count274
\LT@rows=\count275
\c@LT@tables=\count276
\c@LT@chunks=\count277
\LT@p@ftn=\toks25
)
(C:/Users/Ananda/AppData/Local/Programs/MiKTeX/tex/latex/graphics/graphicx.sty
Package: graphicx 2021/09/16 v1.2d Enhanced LaTeX Graphics (DPC,SPQR)

(C:/Users/Ananda/AppData/Local/Programs/MiKTeX/tex/latex/graphics/graphics.sty
Package: graphics 2022/03/10 v1.4e Standard LaTeX Graphics (DPC,SPQR)

(C:/Users/Ananda/AppData/Local/Programs/MiKTeX/tex/latex/graphics/trig.sty
Package: trig 2021/08/11 v1.11 sin cos tan (DPC)
)
(C:/Users/Ananda/AppData/Local/Programs/MiKTeX/tex/latex/graphics-cfg/graphics.
cfg
File: graphics.cfg 2016/06/04 v1.11 sample graphics configuration
)
Package graphics Info: Driver file: luatex.def on input line 107.

(C:/Users/Ananda/AppData/Local/Programs/MiKTeX/tex/latex/graphics-def/luatex.de
f
File: luatex.def 2022/09/22 v1.2d Graphics/color driver for luatex
))
\Gin@req@height=\dimen161
\Gin@req@width=\dimen162
)
(C:/Users/Ananda/AppData/Local/Programs/MiKTeX/tex/latex/tabularray/tabularray.
sty (C:/Users/Ananda/AppData/Local/Programs/MiKTeX/tex/latex/l3kernel/expl3.sty
Package: expl3 2022-12-17 L3 programming layer (loader) 

(C:/Users/Ananda/AppData/Local/Programs/MiKTeX/tex/latex/l3backend/l3backend-lu
atex.def
File: l3backend-luatex.def 2022-10-26 L3 backend support: PDF output (LuaTeX)
\l__color_backend_stack_int=\count278
\l__pdf_internal_box=\box60
))
Package: tabularray 2024-02-16 v2024A Typeset tabulars and arrays with LaTeX3
\l__tblr_a_int=\count279
\l__tblr_c_int=\count280
\l__tblr_r_int=\count281
\l__tblr_d_dim=\dimen163
\l__tblr_h_dim=\dimen164
\l__tblr_o_dim=\dimen165
\l__tblr_p_dim=\dimen166
\l__tblr_q_dim=\dimen167
\l__tblr_r_dim=\dimen168
\l__tblr_s_dim=\dimen169
\l__tblr_t_dim=\dimen170
\l__tblr_v_dim=\dimen171
\l__tblr_w_dim=\dimen172
\l__tblr_a_box=\box61
\l__tblr_b_box=\box62
\l__tblr_c_box=\box63
\l__tblr_d_box=\box64
\g__tblr_table_count_int=\count282
\c@rownum=\count283
\c@colnum=\count284
\c@rowcount=\count285
\c@colcount=\count286
\abovesep=\dimen173
\belowsep=\dimen174
\leftsep=\dimen175
\rightsep=\dimen176
\g_tblr_level_int=\count287
\g__tblr_data_row_key_count_int=\count288
\g__tblr_data_column_key_count_int=\count289
\g__tblr_data_cell_key_count_int=\count290
\g__tblr_array_int=\count291
\l__tblr_key_count_int=\count292
\l__tblr_key_quotient_int=\count293
\l__tblr_key_quotient_two_int=\count294
\l__tblr_key_remainder_int=\count295
\g__tblr_data_str_value_count_int=\count296
\rulewidth=\dimen177
\l__tblr_strut_dp_dim=\dimen178
\l__tblr_strut_ht_dim=\dimen179
\g__tblr_cell_wd_dim=\dimen180
\g__tblr_cell_ht_dim=\dimen181
\g__tblr_cell_head_dim=\dimen182
\g__tblr_cell_foot_dim=\dimen183
\l__column_target_dim=\dimen184
\l__tblr_caption_box=\box65
\l__tblr_caption_left_box=\box66
\l__tblr_row_head_box=\box67
\l__tblr_row_foot_box=\box68
\l__tblr_row_head_foot_dim=\dimen185
\tablewidth=\dimen186
\l__tblr_table_firsthead_box=\box69
\l__tblr_table_middlehead_box=\box70
\l__tblr_table_lasthead_box=\box71
\l__tblr_table_firstfoot_box=\box72
\l__tblr_table_middlefoot_box=\box73
\l__tblr_table_lastfoot_box=\box74
\l__tblr_remain_height_dim=\dimen187
\l__tblr_long_from_int=\count297
\l__tblr_long_to_int=\count298
\l__tblr_curr_i_int=\count299
\l__tblr_prev_i_int=\count300
\l__tblr_table_page_int=\count301
\l__tblr_table_head_box=\box75
\l__tblr_table_foot_box=\box76
\l__tblr_table_head_foot_dim=\dimen188
\l__tblr_table_head_body_foot_dim=\dimen189
\l__tblr_table_box=\box77
\l__tblr_table_hlines_box=\box78
\l__tblr_hline_box=\box79
\l__tblr_row_box=\box80
\l__tblr_col_o_wd_dim=\dimen190
\l__tblr_col_b_wd_dim=\dimen191
\l__tblr_hline_leftskip_dim=\dimen192
\l__tblr_hline_rightskip_dim=\dimen193
\l__tblr_row_ht_dim=\dimen194
\l__tblr_row_dp_dim=\dimen195
\l__tblr_row_abovesep_dim=\dimen196
\l__tblr_row_belowsep_dim=\dimen197
\l__tblr_row_vlines_box=\box81
\l__tblr_vline_box=\box82
\l__tblr_cell_box=\box83
\l__row_upper_dim=\dimen198
\l__row_lower_dim=\dimen199
\l__row_vpace_dim=\dimen256
\l__tblr_vline_aboveskip_dim=\dimen257
\l__tblr_vline_belowskip_dim=\dimen258
\l__tblr_cell_wd_dim=\dimen259
\l__tblr_cell_ht_dim=\dimen260
\l__tblr_diag_box=\box84
)
(C:/Users/Ananda/AppData/Local/Programs/MiKTeX/tex/latex/undertilde/undertilde.
sty
Package: undertilde 2000/08/08 v1.0 Tilde under a math object
\knuthian@fdfive=\skip61
)
(C:/Users/Ananda/AppData/Local/Programs/MiKTeX/tex/latex/dingbat/dingbat.sty
Package: dingbat 2001/04/27 v1.00 Hands and other dingbats
)
(C:/Users/Ananda/AppData/Local/Programs/MiKTeX/tex/latex/fontawesome5/fontaweso
me5.sty
Package: fontawesome5 2022/05/02 v5.15.4 Font Awesome 5

(C:/Users/Ananda/AppData/Local/Programs/MiKTeX/tex/latex/l3packages/l3keys2e/l3
keys2e.sty
Package: l3keys2e 2022-12-17 LaTeX2e option processing using LaTeX3 keys
)
(C:/Users/Ananda/AppData/Local/Programs/MiKTeX/tex/latex/l3packages/xparse/xpar
se.sty
Package: xparse 2022-12-17 L3 Experimental document command parser
)
(C:/Users/Ananda/AppData/Local/Programs/MiKTeX/tex/latex/fontawesome5/fontaweso
me5-utex-helper.sty
Package: fontawesome5-utex-helper 2022/05/02 v5.15.4 uTeX helper for fontawesom
e5

(C:/Users/Ananda/AppData/Local/Programs/MiKTeX/tex/luatex/luatexbase/luatexbase
.sty
Package: luatexbase 2015/10/04 v1.3 luatexbase interface to LuaTeX 

(C:/Users/Ananda/AppData/Local/Programs/MiKTeX/tex/luatex/ctablestack/ctablesta
ck.sty
Package: ctablestack 2015/10/01 v1.0 Catcode table stable support
\@catcodetablestackcnt=\count302
)
\CatcodeTableOther=\catcodetable12
\CatcodeTableExpl=\catcodetable13
)
LaTeX Font Info:    Trying to load font information for TU+fontawesomefree on i
nput line 69.

(C:/Users/Ananda/AppData/Local/Programs/MiKTeX/tex/latex/fontawesome5/tufontawe
somefree.fd)
LaTeX Font Info:    Trying to load font information for TU+fontawesomebrands on
 input line 70.

(C:/Users/Ananda/AppData/Local/Programs/MiKTeX/tex/latex/fontawesome5/tufontawe
somebrands.fd)))
(C:/Users/Ananda/AppData/Local/Programs/MiKTeX/tex/latex/xcolor/xcolor.sty
Package: xcolor 2022/06/12 v2.14 LaTeX color extensions (UK)

(C:/Users/Ananda/AppData/Local/Programs/MiKTeX/tex/latex/graphics-cfg/color.cfg
File: color.cfg 2016/01/02 v1.6 sample color configuration
)
Package xcolor Info: Driver file: luatex.def on input line 227.

(C:/Users/Ananda/AppData/Local/Programs/MiKTeX/tex/latex/graphics/mathcolor.ltx
)
Package xcolor Info: Model `cmy' substituted by `cmy0' on input line 1353.
Package xcolor Info: Model `hsb' substituted by `rgb' on input line 1357.
Package xcolor Info: Model `RGB' extended on input line 1369.
Package xcolor Info: Model `HTML' substituted by `rgb' on input line 1371.
Package xcolor Info: Model `Hsb' substituted by `hsb' on input line 1372.
Package xcolor Info: Model `tHsb' substituted by `hsb' on input line 1373.
Package xcolor Info: Model `HSB' substituted by `hsb' on input line 1374.
Package xcolor Info: Model `Gray' substituted by `gray' on input line 1375.
Package xcolor Info: Model `wave' substituted by `hsb' on input line 1376.
)
(C:/Users/Ananda/AppData/Local/Programs/MiKTeX/tex/latex/hyperref/hyperref.sty
Package: hyperref 2022-11-13 v7.00u Hypertext links for LaTeX

(C:/Users/Ananda/AppData/Local/Programs/MiKTeX/tex/generic/ltxcmds/ltxcmds.sty
Package: ltxcmds 2020-05-10 v1.25 LaTeX kernel commands for general use (HO)
)
(C:/Users/Ananda/AppData/Local/Programs/MiKTeX/tex/generic/pdftexcmds/pdftexcmd
s.sty
Package: pdftexcmds 2020-06-27 v0.33 Utility functions of pdfTeX for LuaTeX (HO
)

(C:/Users/Ananda/AppData/Local/Programs/MiKTeX/tex/generic/infwarerr/infwarerr.
sty
Package: infwarerr 2019/12/03 v1.5 Providing info/warning/error messages (HO)
)
Package pdftexcmds Info: \pdf@primitive is available.
Package pdftexcmds Info: \pdf@ifprimitive is available.
Package pdftexcmds Info: \pdfdraftmode found.
\pdftexcmds@toks=\toks26
)
(C:/Users/Ananda/AppData/Local/Programs/MiKTeX/tex/latex/kvsetkeys/kvsetkeys.st
y
Package: kvsetkeys 2022-10-05 v1.19 Key value parser (HO)
)
(C:/Users/Ananda/AppData/Local/Programs/MiKTeX/tex/generic/kvdefinekeys/kvdefin
ekeys.sty
Package: kvdefinekeys 2019-12-19 v1.6 Define keys (HO)
)
(C:/Users/Ananda/AppData/Local/Programs/MiKTeX/tex/generic/pdfescape/pdfescape.
sty
Package: pdfescape 2019/12/09 v1.15 Implements pdfTeX's escape features (HO)
)
(C:/Users/Ananda/AppData/Local/Programs/MiKTeX/tex/latex/hycolor/hycolor.sty
Package: hycolor 2020-01-27 v1.10 Color options for hyperref/bookmark (HO)
)
(C:/Users/Ananda/AppData/Local/Programs/MiKTeX/tex/latex/letltxmacro/letltxmacr
o.sty
Package: letltxmacro 2019/12/03 v1.6 Let assignment for LaTeX macros (HO)
)
(C:/Users/Ananda/AppData/Local/Programs/MiKTeX/tex/latex/auxhook/auxhook.sty
Package: auxhook 2019-12-17 v1.6 Hooks for auxiliary files (HO)
)
(C:/Users/Ananda/AppData/Local/Programs/MiKTeX/tex/latex/hyperref/nameref.sty
Package: nameref 2022-05-17 v2.50 Cross-referencing by name of section

(C:/Users/Ananda/AppData/Local/Programs/MiKTeX/tex/latex/refcount/refcount.sty
Package: refcount 2019/12/15 v3.6 Data extraction from label references (HO)
)
(C:/Users/Ananda/AppData/Local/Programs/MiKTeX/tex/generic/gettitlestring/getti
tlestring.sty
Package: gettitlestring 2019/12/15 v1.6 Cleanup title references (HO)

(C:/Users/Ananda/AppData/Local/Programs/MiKTeX/tex/latex/kvoptions/kvoptions.st
y
Package: kvoptions 2022-06-15 v3.15 Key value format for package options (HO)
))
\c@section@level=\count303
)
\@linkdim=\dimen261
\Hy@linkcounter=\count304
\Hy@pagecounter=\count305

(C:/Users/Ananda/AppData/Local/Programs/MiKTeX/tex/latex/hyperref/pd1enc.def
File: pd1enc.def 2022-11-13 v7.00u Hyperref: PDFDocEncoding definition (HO)
)
(C:/Users/Ananda/AppData/Local/Programs/MiKTeX/tex/generic/intcalc/intcalc.sty
Package: intcalc 2019/12/15 v1.3 Expandable calculations with integers (HO)
)
(C:/Users/Ananda/AppData/Local/Programs/MiKTeX/tex/generic/etexcmds/etexcmds.st
y
Package: etexcmds 2019/12/15 v1.7 Avoid name clashes with e-TeX commands (HO)
)
\Hy@SavedSpaceFactor=\count306
 (C:/Users/Ananda/AppData/Local/Programs/MiKTeX/tex/latex/hyperref/puenc.def
File: puenc.def 2022-11-13 v7.00u Hyperref: PDF Unicode definition (HO)
)
Package hyperref Info: Option `colorlinks' set `true' on input line 4045.
Package hyperref Info: Hyper figures OFF on input line 4162.
Package hyperref Info: Link nesting OFF on input line 4167.
Package hyperref Info: Hyper index ON on input line 4170.
Package hyperref Info: Plain pages OFF on input line 4177.
Package hyperref Info: Backreferencing OFF on input line 4182.
Package hyperref Info: Implicit mode ON; LaTeX internals redefined.
Package hyperref Info: Bookmarks ON on input line 4410.
\c@Hy@tempcnt=\count307
(C:/Users/Ananda/AppData/Local/Programs/MiKTeX/tex/latex/url/url.sty
\Urlmuskip=\muskip17
Package: url 2013/09/16  ver 3.4  Verb mode for urls, etc.
)
LaTeX Info: Redefining \url on input line 4748.
\XeTeXLinkMargin=\dimen262

(C:/Users/Ananda/AppData/Local/Programs/MiKTeX/tex/generic/bitset/bitset.sty
Package: bitset 2019/12/09 v1.3 Handle bit-vector datatype (HO)

(C:/Users/Ananda/AppData/Local/Programs/MiKTeX/tex/generic/bigintcalc/bigintcal
c.sty
Package: bigintcalc 2019/12/15 v1.5 Expandable calculations on big integers (HO
)
))
\Fld@menulength=\count308
\Field@Width=\dimen263
\Fld@charsize=\dimen264
Package hyperref Info: Hyper figures OFF on input line 6027.
Package hyperref Info: Link nesting OFF on input line 6032.
Package hyperref Info: Hyper index ON on input line 6035.
Package hyperref Info: backreferencing OFF on input line 6042.
Package hyperref Info: Link coloring ON on input line 6045.
Package hyperref Info: Link coloring with OCG OFF on input line 6052.
Package hyperref Info: PDF/A mode OFF on input line 6057.

(C:/Users/Ananda/AppData/Local/Programs/MiKTeX/tex/latex/base/atbegshi-ltx.sty
Package: atbegshi-ltx 2021/01/10 v1.0c Emulation of the original atbegshi
package with kernel methods
)
\Hy@abspage=\count309
\c@Item=\count310
\c@Hfootnote=\count311
)
Package hyperref Info: Driver (autodetected): hluatex.
 (C:/Users/Ananda/AppData/Local/Programs/MiKTeX/tex/latex/hyperref/hluatex.def
File: hluatex.def 2022-11-13 v7.00u Hyperref driver for luaTeX

(C:/Users/Ananda/AppData/Local/Programs/MiKTeX/tex/generic/stringenc/stringenc.
sty
Package: stringenc 2019/11/29 v1.12 Convert strings between diff. encodings (HO
)
)
(C:/Users/Ananda/AppData/Local/Programs/MiKTeX/tex/latex/base/atveryend-ltx.sty
Package: atveryend-ltx 2020/08/19 v1.0a Emulation of the original atveryend pac
kage
with kernel methods
)
\Fld@listcount=\count312
\c@bookmark@seq@number=\count313

(C:/Users/Ananda/AppData/Local/Programs/MiKTeX/tex/latex/rerunfilecheck/rerunfi
lecheck.sty
Package: rerunfilecheck 2022-07-10 v1.10 Rerun checks for auxiliary files (HO)

(C:/Users/Ananda/AppData/Local/Programs/MiKTeX/tex/generic/uniquecounter/unique
counter.sty
Package: uniquecounter 2019/12/15 v1.4 Provide unlimited unique counter (HO)
)
Package uniquecounter Info: New unique counter `rerunfilecheck' on input line 2
85.
)
\Hy@SectionHShift=\skip62
)
(C:/Users/Ananda/AppData/Local/Programs/MiKTeX/tex/latex/tasks/tasks.sty
(C:/Users/Ananda/AppData/Local/Programs/MiKTeX/tex/latex/l3packages/xtemplate/x
template.sty
Package: xtemplate 2022-12-17 L3 Experimental prototype document functions
\l__xtemplate_tmp_dim=\dimen265
\l__xtemplate_tmp_int=\count314
\l__xtemplate_tmp_muskip=\muskip18
\l__xtemplate_tmp_skip=\skip63
)
Package: tasks 2022/01/08 v1.4a lists with columns filled horizontally
\g__tasks_total_items_int=\count315
\l__tasks_columns_int=\count316
\g__tasks_rows_int=\count317
\g__tasks_current_col_num_int=\count318
\g__tasks_current_row_num_int=\count319
\l__tasks_item_columns_int=\count320
\g__tasks_env_int=\count321
\l__tasks_start_int=\count322
\l__tasks_item_indent_dim=\dimen266
\l__tasks_item_default_indent_dim=\dimen267
\l__tasks_item_width_dim=\dimen268
\l__tasks_label_width_dim=\dimen269
\l__tasks_label_default_width_dim=\dimen270
\l__tasks_label_offset_dim=\dimen271
\l__tasks_label_default_offset_dim=\dimen272
\l__tasks_column_sep_dim=\dimen273
\l__tasks_correction_dim=\dimen274
\l__tasks_full_width_dim=\dimen275
\l__tasks_after_item_skip=\skip64
\l__tasks_custom_after_item_skip=\skip65
\l__tasks_before_list_skip=\skip66
\l__tasks_after_list_skip=\skip67
\l__tasks_item_coffin=\box85
\l__tasks_label_coffin=\box86
\c@task=\count323
\l__tasks_tmpa_int=\count324
\l__tasks_tmpb_int=\count325
\l__tasks_tmpa_coffin=\box87
\l__tasks_tmpa_box=\box88

Package xtemplate Info: Declaring object type 'tasks' taking 3 argument(s) on
(xtemplate)             line 450.


(C:/Users/Ananda/AppData/Local/Programs/MiKTeX/tex/latex/tasks/tasks.cfg))
(C:/Users/Ananda/AppData/Local/Programs/MiKTeX/tex/latex/bbding/bbding.sty
Package: bbding 1999/04/15 v1.01 Dingbats symbols
)
(C:/Users/Ananda/AppData/Local/Programs/MiKTeX/tex/latex/twemojis/twemojis.sty
Package: twemojis 2022/03/30 v1.3.1 LaTeX twemojis (twemoji v14.0.1)

(C:/Users/Ananda/AppData/Local/Programs/MiKTeX/tex/latex/pgf/frontendlayer/tikz
.sty
(C:/Users/Ananda/AppData/Local/Programs/MiKTeX/tex/latex/pgf/basiclayer/pgf.sty

(C:/Users/Ananda/AppData/Local/Programs/MiKTeX/tex/latex/pgf/utilities/pgfrcs.s
ty
(C:/Users/Ananda/AppData/Local/Programs/MiKTeX/tex/generic/pgf/utilities/pgfuti
l-common.tex
\pgfutil@everybye=\toks27
\pgfutil@tempdima=\dimen276
\pgfutil@tempdimb=\dimen277

(C:/Users/Ananda/AppData/Local/Programs/MiKTeX/tex/generic/pgf/utilities/pgfuti
l-common-lists.tex))
(C:/Users/Ananda/AppData/Local/Programs/MiKTeX/tex/generic/pgf/utilities/pgfuti
l-latex.def
\pgfutil@abb=\box89
)
(C:/Users/Ananda/AppData/Local/Programs/MiKTeX/tex/generic/pgf/utilities/pgfrcs
.code.tex
(C:/Users/Ananda/AppData/Local/Programs/MiKTeX/tex/generic/pgf/pgf.revision.tex
)
Package: pgfrcs 2021/05/15 v3.1.9a (3.1.9a)
))
Package: pgf 2021/05/15 v3.1.9a (3.1.9a)

(C:/Users/Ananda/AppData/Local/Programs/MiKTeX/tex/latex/pgf/basiclayer/pgfcore
.sty
(C:/Users/Ananda/AppData/Local/Programs/MiKTeX/tex/latex/pgf/systemlayer/pgfsys
.sty
(C:/Users/Ananda/AppData/Local/Programs/MiKTeX/tex/generic/pgf/systemlayer/pgfs
ys.code.tex
Package: pgfsys 2021/05/15 v3.1.9a (3.1.9a)

(C:/Users/Ananda/AppData/Local/Programs/MiKTeX/tex/generic/pgf/utilities/pgfkey
s.code.tex
\pgfkeys@pathtoks=\toks28
\pgfkeys@temptoks=\toks29

(C:/Users/Ananda/AppData/Local/Programs/MiKTeX/tex/generic/pgf/utilities/pgfkey
sfiltered.code.tex
\pgfkeys@tmptoks=\toks30
))
\pgf@x=\dimen278
\pgf@y=\dimen279
\pgf@xa=\dimen280
\pgf@ya=\dimen281
\pgf@xb=\dimen282
\pgf@yb=\dimen283
\pgf@xc=\dimen284
\pgf@yc=\dimen285
\pgf@xd=\dimen286
\pgf@yd=\dimen287
\w@pgf@writea=\write3
\r@pgf@reada=\read2
\c@pgf@counta=\count326
\c@pgf@countb=\count327
\c@pgf@countc=\count328
\c@pgf@countd=\count329
\t@pgf@toka=\toks31
\t@pgf@tokb=\toks32
\t@pgf@tokc=\toks33
\pgf@sys@id@count=\count330

(C:/Users/Ananda/AppData/Local/Programs/MiKTeX/tex/generic/pgf/systemlayer/pgf.
cfg
File: pgf.cfg 2021/05/15 v3.1.9a (3.1.9a)
)
Driver file for pgf: pgfsys-luatex.def

(C:/Users/Ananda/AppData/Local/Programs/MiKTeX/tex/generic/pgf/systemlayer/pgfs
ys-luatex.def
File: pgfsys-luatex.def 2021/05/15 v3.1.9a (3.1.9a)

(C:/Users/Ananda/AppData/Local/Programs/MiKTeX/tex/generic/pgf/systemlayer/pgfs
ys-common-pdf.def
File: pgfsys-common-pdf.def 2021/05/15 v3.1.9a (3.1.9a)
)))
(C:/Users/Ananda/AppData/Local/Programs/MiKTeX/tex/generic/pgf/systemlayer/pgfs
yssoftpath.code.tex
File: pgfsyssoftpath.code.tex 2021/05/15 v3.1.9a (3.1.9a)
\pgfsyssoftpath@smallbuffer@items=\count331
\pgfsyssoftpath@bigbuffer@items=\count332
)
(C:/Users/Ananda/AppData/Local/Programs/MiKTeX/tex/generic/pgf/systemlayer/pgfs
ysprotocol.code.tex
File: pgfsysprotocol.code.tex 2021/05/15 v3.1.9a (3.1.9a)
))
(C:/Users/Ananda/AppData/Local/Programs/MiKTeX/tex/generic/pgf/basiclayer/pgfco
re.code.tex
Package: pgfcore 2021/05/15 v3.1.9a (3.1.9a)

(C:/Users/Ananda/AppData/Local/Programs/MiKTeX/tex/generic/pgf/math/pgfmath.cod
e.tex
(C:/Users/Ananda/AppData/Local/Programs/MiKTeX/tex/generic/pgf/math/pgfmathcalc
.code.tex
(C:/Users/Ananda/AppData/Local/Programs/MiKTeX/tex/generic/pgf/math/pgfmathutil
.code.tex)
(C:/Users/Ananda/AppData/Local/Programs/MiKTeX/tex/generic/pgf/math/pgfmathpars
er.code.tex
\pgfmath@dimen=\dimen288
\pgfmath@count=\count333
\pgfmath@box=\box90
\pgfmath@toks=\toks34
\pgfmath@stack@operand=\toks35
\pgfmath@stack@operation=\toks36
)
(C:/Users/Ananda/AppData/Local/Programs/MiKTeX/tex/generic/pgf/math/pgfmathfunc
tions.code.tex
(C:/Users/Ananda/AppData/Local/Programs/MiKTeX/tex/generic/pgf/math/pgfmathfunc
tions.basic.code.tex)
(C:/Users/Ananda/AppData/Local/Programs/MiKTeX/tex/generic/pgf/math/pgfmathfunc
tions.trigonometric.code.tex)
(C:/Users/Ananda/AppData/Local/Programs/MiKTeX/tex/generic/pgf/math/pgfmathfunc
tions.random.code.tex)
(C:/Users/Ananda/AppData/Local/Programs/MiKTeX/tex/generic/pgf/math/pgfmathfunc
tions.comparison.code.tex)
(C:/Users/Ananda/AppData/Local/Programs/MiKTeX/tex/generic/pgf/math/pgfmathfunc
tions.base.code.tex)
(C:/Users/Ananda/AppData/Local/Programs/MiKTeX/tex/generic/pgf/math/pgfmathfunc
tions.round.code.tex)
(C:/Users/Ananda/AppData/Local/Programs/MiKTeX/tex/generic/pgf/math/pgfmathfunc
tions.misc.code.tex)
(C:/Users/Ananda/AppData/Local/Programs/MiKTeX/tex/generic/pgf/math/pgfmathfunc
tions.integerarithmetics.code.tex)))
(C:/Users/Ananda/AppData/Local/Programs/MiKTeX/tex/generic/pgf/math/pgfmathfloa
t.code.tex
\c@pgfmathroundto@lastzeros=\count334
))
(C:/Users/Ananda/AppData/Local/Programs/MiKTeX/tex/generic/pgf/math/pgfint.code
.tex)
(C:/Users/Ananda/AppData/Local/Programs/MiKTeX/tex/generic/pgf/basiclayer/pgfco
repoints.code.tex
File: pgfcorepoints.code.tex 2021/05/15 v3.1.9a (3.1.9a)
\pgf@picminx=\dimen289
\pgf@picmaxx=\dimen290
\pgf@picminy=\dimen291
\pgf@picmaxy=\dimen292
\pgf@pathminx=\dimen293
\pgf@pathmaxx=\dimen294
\pgf@pathminy=\dimen295
\pgf@pathmaxy=\dimen296
\pgf@xx=\dimen297
\pgf@xy=\dimen298
\pgf@yx=\dimen299
\pgf@yy=\dimen300
\pgf@zx=\dimen301
\pgf@zy=\dimen302
)
(C:/Users/Ananda/AppData/Local/Programs/MiKTeX/tex/generic/pgf/basiclayer/pgfco
repathconstruct.code.tex
File: pgfcorepathconstruct.code.tex 2021/05/15 v3.1.9a (3.1.9a)
\pgf@path@lastx=\dimen303
\pgf@path@lasty=\dimen304
)
(C:/Users/Ananda/AppData/Local/Programs/MiKTeX/tex/generic/pgf/basiclayer/pgfco
repathusage.code.tex
File: pgfcorepathusage.code.tex 2021/05/15 v3.1.9a (3.1.9a)
\pgf@shorten@end@additional=\dimen305
\pgf@shorten@start@additional=\dimen306
)
(C:/Users/Ananda/AppData/Local/Programs/MiKTeX/tex/generic/pgf/basiclayer/pgfco
rescopes.code.tex
File: pgfcorescopes.code.tex 2021/05/15 v3.1.9a (3.1.9a)
\pgfpic=\box91
\pgf@hbox=\box92
\pgf@layerbox@main=\box93
\pgf@picture@serial@count=\count335
)
(C:/Users/Ananda/AppData/Local/Programs/MiKTeX/tex/generic/pgf/basiclayer/pgfco
regraphicstate.code.tex
File: pgfcoregraphicstate.code.tex 2021/05/15 v3.1.9a (3.1.9a)
\pgflinewidth=\dimen307
)
(C:/Users/Ananda/AppData/Local/Programs/MiKTeX/tex/generic/pgf/basiclayer/pgfco
retransformations.code.tex
File: pgfcoretransformations.code.tex 2021/05/15 v3.1.9a (3.1.9a)
\pgf@pt@x=\dimen308
\pgf@pt@y=\dimen309
\pgf@pt@temp=\dimen310
)
(C:/Users/Ananda/AppData/Local/Programs/MiKTeX/tex/generic/pgf/basiclayer/pgfco
requick.code.tex
File: pgfcorequick.code.tex 2021/05/15 v3.1.9a (3.1.9a)
)
(C:/Users/Ananda/AppData/Local/Programs/MiKTeX/tex/generic/pgf/basiclayer/pgfco
reobjects.code.tex
File: pgfcoreobjects.code.tex 2021/05/15 v3.1.9a (3.1.9a)
)
(C:/Users/Ananda/AppData/Local/Programs/MiKTeX/tex/generic/pgf/basiclayer/pgfco
repathprocessing.code.tex
File: pgfcorepathprocessing.code.tex 2021/05/15 v3.1.9a (3.1.9a)
)
(C:/Users/Ananda/AppData/Local/Programs/MiKTeX/tex/generic/pgf/basiclayer/pgfco
rearrows.code.tex
File: pgfcorearrows.code.tex 2021/05/15 v3.1.9a (3.1.9a)
\pgfarrowsep=\dimen311
)
(C:/Users/Ananda/AppData/Local/Programs/MiKTeX/tex/generic/pgf/basiclayer/pgfco
reshade.code.tex
File: pgfcoreshade.code.tex 2021/05/15 v3.1.9a (3.1.9a)
\pgf@max=\dimen312
\pgf@sys@shading@range@num=\count336
\pgf@shadingcount=\count337
)
(C:/Users/Ananda/AppData/Local/Programs/MiKTeX/tex/generic/pgf/basiclayer/pgfco
reimage.code.tex
File: pgfcoreimage.code.tex 2021/05/15 v3.1.9a (3.1.9a)

(C:/Users/Ananda/AppData/Local/Programs/MiKTeX/tex/generic/pgf/basiclayer/pgfco
reexternal.code.tex
File: pgfcoreexternal.code.tex 2021/05/15 v3.1.9a (3.1.9a)
\pgfexternal@startupbox=\box94
))
(C:/Users/Ananda/AppData/Local/Programs/MiKTeX/tex/generic/pgf/basiclayer/pgfco
relayers.code.tex
File: pgfcorelayers.code.tex 2021/05/15 v3.1.9a (3.1.9a)
)
(C:/Users/Ananda/AppData/Local/Programs/MiKTeX/tex/generic/pgf/basiclayer/pgfco
retransparency.code.tex
File: pgfcoretransparency.code.tex 2021/05/15 v3.1.9a (3.1.9a)
)
(C:/Users/Ananda/AppData/Local/Programs/MiKTeX/tex/generic/pgf/basiclayer/pgfco
repatterns.code.tex
File: pgfcorepatterns.code.tex 2021/05/15 v3.1.9a (3.1.9a)
)
(C:/Users/Ananda/AppData/Local/Programs/MiKTeX/tex/generic/pgf/basiclayer/pgfco
rerdf.code.tex
File: pgfcorerdf.code.tex 2021/05/15 v3.1.9a (3.1.9a)
)))
(C:/Users/Ananda/AppData/Local/Programs/MiKTeX/tex/generic/pgf/modules/pgfmodul
eshapes.code.tex
File: pgfmoduleshapes.code.tex 2021/05/15 v3.1.9a (3.1.9a)
\pgfnodeparttextbox=\box95
)
(C:/Users/Ananda/AppData/Local/Programs/MiKTeX/tex/generic/pgf/modules/pgfmodul
eplot.code.tex
File: pgfmoduleplot.code.tex 2021/05/15 v3.1.9a (3.1.9a)
)
(C:/Users/Ananda/AppData/Local/Programs/MiKTeX/tex/latex/pgf/compatibility/pgfc
omp-version-0-65.sty
Package: pgfcomp-version-0-65 2021/05/15 v3.1.9a (3.1.9a)
\pgf@nodesepstart=\dimen313
\pgf@nodesepend=\dimen314
)
(C:/Users/Ananda/AppData/Local/Programs/MiKTeX/tex/latex/pgf/compatibility/pgfc
omp-version-1-18.sty
Package: pgfcomp-version-1-18 2021/05/15 v3.1.9a (3.1.9a)
))
(C:/Users/Ananda/AppData/Local/Programs/MiKTeX/tex/latex/pgf/utilities/pgffor.s
ty
(C:/Users/Ananda/AppData/Local/Programs/MiKTeX/tex/latex/pgf/utilities/pgfkeys.
sty
(C:/Users/Ananda/AppData/Local/Programs/MiKTeX/tex/generic/pgf/utilities/pgfkey
s.code.tex))
(C:/Users/Ananda/AppData/Local/Programs/MiKTeX/tex/latex/pgf/math/pgfmath.sty
(C:/Users/Ananda/AppData/Local/Programs/MiKTeX/tex/generic/pgf/math/pgfmath.cod
e.tex))
(C:/Users/Ananda/AppData/Local/Programs/MiKTeX/tex/generic/pgf/utilities/pgffor
.code.tex
Package: pgffor 2021/05/15 v3.1.9a (3.1.9a)

(C:/Users/Ananda/AppData/Local/Programs/MiKTeX/tex/generic/pgf/math/pgfmath.cod
e.tex)
\pgffor@iter=\dimen315
\pgffor@skip=\dimen316
\pgffor@stack=\toks37
\pgffor@toks=\toks38
))
(C:/Users/Ananda/AppData/Local/Programs/MiKTeX/tex/generic/pgf/frontendlayer/ti
kz/tikz.code.tex
Package: tikz 2021/05/15 v3.1.9a (3.1.9a)

(C:/Users/Ananda/AppData/Local/Programs/MiKTeX/tex/generic/pgf/libraries/pgflib
raryplothandlers.code.tex
File: pgflibraryplothandlers.code.tex 2021/05/15 v3.1.9a (3.1.9a)
\pgf@plot@mark@count=\count338
\pgfplotmarksize=\dimen317
)
\tikz@lastx=\dimen318
\tikz@lasty=\dimen319
\tikz@lastxsaved=\dimen320
\tikz@lastysaved=\dimen321
\tikz@lastmovetox=\dimen322
\tikz@lastmovetoy=\dimen323
\tikzleveldistance=\dimen324
\tikzsiblingdistance=\dimen325
\tikz@figbox=\box96
\tikz@figbox@bg=\box97
\tikz@tempbox=\box98
\tikz@tempbox@bg=\box99
\tikztreelevel=\count339
\tikznumberofchildren=\count340
\tikznumberofcurrentchild=\count341
\tikz@fig@count=\count342

(C:/Users/Ananda/AppData/Local/Programs/MiKTeX/tex/generic/pgf/modules/pgfmodul
ematrix.code.tex
File: pgfmodulematrix.code.tex 2021/05/15 v3.1.9a (3.1.9a)
\pgfmatrixcurrentrow=\count343
\pgfmatrixcurrentcolumn=\count344
\pgf@matrix@numberofcolumns=\count345
)
\tikz@expandcount=\count346

(C:/Users/Ananda/AppData/Local/Programs/MiKTeX/tex/generic/pgf/frontendlayer/ti
kz/libraries/tikzlibrarytopaths.code.tex
File: tikzlibrarytopaths.code.tex 2021/05/15 v3.1.9a (3.1.9a)
)))
(C:/Users/Ananda/AppData/Local/Programs/MiKTeX/tex/latex/base/ifthen.sty
Package: ifthen 2022/04/13 v1.1d Standard LaTeX ifthen package (DPC)
)
\twemojiDefaultHeight=\skip68
)
(C:/Users/Ananda/AppData/Local/Programs/MiKTeX/tex/latex/customdice/customdice.
sty
Package: customdice 2022/07/31 customdice 1.0

(C:/Users/Ananda/AppData/Local/Programs/MiKTeX/tex/latex/etoolbox/etoolbox.sty
Package: etoolbox 2020/10/05 v2.5k e-TeX tools for LaTeX (JAW)
\etb@tempcnta=\count347
)) (C:/Users/Ananda/AppData/Local/Programs/MiKTeX/tex/latex/bclogo/bclogo.sty
Package: bclogo 2024/01/23 v3.15

(C:/Users/Ananda/AppData/Local/Programs/MiKTeX/tex/latex/xkeyval/xkeyval.sty
Package: xkeyval 2022/06/16 v2.9 package option processing (HA)

(C:/Users/Ananda/AppData/Local/Programs/MiKTeX/tex/generic/xkeyval/xkeyval.tex
(C:/Users/Ananda/AppData/Local/Programs/MiKTeX/tex/generic/xkeyval/xkvutils.tex
\XKV@toks=\toks39
\XKV@tempa@toks=\toks40
)
\XKV@depth=\count348
File: xkeyval.tex 2014/12/03 v2.7a key=value parser (HA)
))
\bc@invboxh=\skip69
\bc@invboxd=\skip70
\bc@titleLength=\skip71
\logowidth=\skip72

(C:/Users/Ananda/AppData/Local/Programs/MiKTeX/tex/latex/pstricks/pstricks.sty
Package: pstricks 2024/02/02 v0.75 LaTeX wrapper for `PSTricks' (RN,HV)

(C:/Users/Ananda/AppData/Local/Programs/MiKTeX/tex/generic/xkeyval/pst-xkey.tex
File: pst-xkey.tex 2005/11/25 v1.6 PSTricks specialization of xkeyval (HA)
)
(C:/Users/Ananda/AppData/Local/Programs/MiKTeX/tex/generic/pstricks/pstricks.te
x
(C:/Users/Ananda/AppData/Local/Programs/MiKTeX/tex/generic/pstricks/pst-fp.tex
`pst-fp' v0.06, 2020/11/20 (hv)
\pstFP@xs=\count349
\pstFP@xia=\count350
\pstFP@xib=\count351
\pstFP@xfa=\count352
\pstFP@xfb=\count353
\pstFP@rega=\count354
\pstFP@regb=\count355
\pstFP@regs=\count356
\pstFP@times=\count357
)
\psLoopIndex=\count358

`PSTricks' v3.22  <2025/06/11> (tvz,hv)
\pst@dima=\dimen326
\pst@dimb=\dimen327
\pst@dimc=\dimen328
\pst@dimd=\dimen329
\pst@dimg=\dimen330
\pst@dimh=\dimen331
\pst@dimm=\dimen332
\pst@dimn=\dimen333
\pst@dimo=\dimen334
\pst@dimp=\dimen335
\pst@hbox=\box100
\pst@ibox=\box101
\pst@boxg=\box102
\pst@cnta=\count359
\pst@cntb=\count360
\pst@cntc=\count361
\pst@cntd=\count362
\pst@cntg=\count363
\pst@cnth=\count364
\pst@cntm=\count365
\pst@cntn=\count366
\pst@cnto=\count367
\pst@cntp=\count368
\@zero=\count369
\pst@toks=\toks41
--- We are running lualatex with luapstricks ---
Lua module: luapstricks 2023-05-23 v0.10 PSTricks backend for LuaLaTeX
Lua function luaPST = 26
Lua function luaPSTcolor = 27
Lua function luaPSTbox = 28
(C:/Users/Ananda/AppData/Local/Programs/MiKTeX/tex/generic/pstricks/pstricks-co
lor.tex)
\psunit=\dimen336
\psxunit=\dimen337
\psyunit=\dimen338
\pst@C@@rType=\count370
\pslinewidth=\dimen339
\psk@startLW=\dimen340
\psk@endLW=\dimen341

(C:/Users/Ananda/AppData/Local/Programs/MiKTeX/tex/generic/pstricks/pstricks-ar
rows.tex
\pshooklength=\dimen342
\pshookwidth=\dimen343
)
\pst@customdefs=\toks42

(C:/Users/Ananda/AppData/Local/Programs/MiKTeX/tex/generic/pstricks/pstricks-do
ts.tex)
\pslinearc=\dimen344
\pst@symbolStep=\dimen345
\pst@symbolWidth=\dimen346
\pst@symbolLinewidth=\dimen347

(C:/Users/Ananda/AppData/Local/Programs/MiKTeX/tex/generic/pstricks/pst-code-gr
id.tex)
(C:/Users/Ananda/AppData/Local/Programs/MiKTeX/tex/generic/pstricks/pst-code-bo
x.tex
\everypsbox=\toks43
\psframesep=\dimen348
)
(C:/Users/Ananda/AppData/Local/Programs/MiKTeX/tex/generic/pstricks/pst-code-ar
c.tex)
(C:/Users/Ananda/AppData/Local/Programs/MiKTeX/tex/generic/pstricks/pst-code-ci
rcle_ellipse.tex)
(C:/Users/Ananda/AppData/Local/Programs/MiKTeX/tex/generic/pstricks/pst-code-re
f_rot.tex)
(C:/Users/Ananda/AppData/Local/Programs/MiKTeX/tex/generic/pstricks/pst-code-pu
t.tex
\pslabelsep=\dimen349
)
(C:/Users/Ananda/AppData/Local/Programs/MiKTeX/tex/generic/pstricks/pst-code-ps
picture.tex
\sh@wgridXunit=\dimen350
\sh@wgridYunit=\dimen351
\pst@shift=\dimen352
\ps@imagectr=\count371
))
File: pstricks.tex 2025/06/11 v3.22 `PSTricks' (tvz,hv)

(C:/Users/Ananda/AppData/Local/Programs/MiKTeX/tex/generic/pstricks/pst-fp.tex
`pst-fp' v0.06, 2020/11/20 (hv))
File: pst-fp.tex 2020/11/20 v0.06 `PST-fp' (hv)
)
(C:/Users/Ananda/AppData/Local/Programs/MiKTeX/tex/latex/pst-grad/pst-grad.sty
Package: pst-grad 2004/07/15 package wrapper for pst-grad.tex (hv)

(C:/Users/Ananda/AppData/Local/Programs/MiKTeX/tex/generic/pst-grad/pst-grad.te
x `pst-grad' v1.06, 2006/11/27 (tvz,dg,hv))
File: pst-grad.tex 2006/11/27 1.06 `pst-grad' (tvz)
)
(C:/Users/Ananda/AppData/Local/Programs/MiKTeX/tex/latex/pst-coil/pst-coil.sty
Package: pst-coil 2010/02/01 package wrapper for pst-coil.tex (hv)

(C:/Users/Ananda/AppData/Local/Programs/MiKTeX/tex/generic/pst-coil/pst-coil.te
x  v1.06, 2006/11/27
(C:/Users/Ananda/AppData/Local/Programs/MiKTeX/tex/generic/pst-node/pst-node.te
x  v1.44, 2024/07/04
\psrow=\count372
\pscol=\count373
\psmatrixcnt=\count374
\psrowsep=\skip73
\pscolsep=\skip74
\pst@args=\count375
\num@pts=\count376
\pst@argcnt=\count377
))
File: pst-coil.tex 2024/08/13 v1.08 `PST-coil' (tvz,hv)
)
(C:/Users/Ananda/AppData/Local/Programs/MiKTeX/tex/latex/mdframed/mdframed.sty
Package: mdframed 2013/07/01 1.9b: mdframed

(C:/Users/Ananda/AppData/Local/Programs/MiKTeX/tex/latex/zref/zref-abspage.sty
Package: zref-abspage 2025-06-08 v2.36 Module abspage for zref (HO)

(C:/Users/Ananda/AppData/Local/Programs/MiKTeX/tex/latex/zref/zref-base.sty
Package: zref-base 2025-06-08 v2.36 Module base for zref (HO)
Package zref Info: New property list: main on input line 767.
Package zref Info: New property: default on input line 768.
Package zref Info: New property: page on input line 769.
)
\c@abspage=\count378
Package zref Info: New property: abspage on input line 67.
)
(C:/Users/Ananda/AppData/Local/Programs/MiKTeX/tex/latex/needspace/needspace.st
y
Package: needspace 2025/03/13 v1.3e reserve vertical space
)
\mdf@templength=\skip75
\c@mdf@globalstyle@cnt=\count379
\mdf@skipabove@length=\skip76
\mdf@skipbelow@length=\skip77
\mdf@leftmargin@length=\skip78
\mdf@rightmargin@length=\skip79
\mdf@innerleftmargin@length=\skip80
\mdf@innerrightmargin@length=\skip81
\mdf@innertopmargin@length=\skip82
\mdf@innerbottommargin@length=\skip83
\mdf@splittopskip@length=\skip84
\mdf@splitbottomskip@length=\skip85
\mdf@outermargin@length=\skip86
\mdf@innermargin@length=\skip87
\mdf@linewidth@length=\skip88
\mdf@innerlinewidth@length=\skip89
\mdf@middlelinewidth@length=\skip90
\mdf@outerlinewidth@length=\skip91
\mdf@roundcorner@length=\skip92
\mdf@footenotedistance@length=\skip93
\mdf@userdefinedwidth@length=\skip94
\mdf@needspace@length=\skip95
\mdf@frametitleaboveskip@length=\skip96
\mdf@frametitlebelowskip@length=\skip97
\mdf@frametitlerulewidth@length=\skip98
\mdf@frametitleleftmargin@length=\skip99
\mdf@frametitlerightmargin@length=\skip100
\mdf@shadowsize@length=\skip101
\mdf@extratopheight@length=\skip102
\mdf@subtitleabovelinewidth@length=\skip103
\mdf@subtitlebelowlinewidth@length=\skip104
\mdf@subtitleaboveskip@length=\skip105
\mdf@subtitlebelowskip@length=\skip106
\mdf@subtitleinneraboveskip@length=\skip107
\mdf@subtitleinnerbelowskip@length=\skip108
\mdf@subsubtitleabovelinewidth@length=\skip109
\mdf@subsubtitlebelowlinewidth@length=\skip110
\mdf@subsubtitleaboveskip@length=\skip111
\mdf@subsubtitlebelowskip@length=\skip112
\mdf@subsubtitleinneraboveskip@length=\skip113
\mdf@subsubtitleinnerbelowskip@length=\skip114

(C:/Users/Ananda/AppData/Local/Programs/MiKTeX/tex/latex/pst-node/pst-node.sty
Package: pst-node 2012/09/18 v1.01 LaTeX wrapper for `pst-node' (HV)
Package: pst-node 2010/04/22 package wrapper for pst-node.tex

(C:/Users/Ananda/AppData/Local/Programs/MiKTeX/tex/generic/pst-node/pst-node.te
x)
File: pst-node.tex 2024/08/13 1.08 `pst-node' (tvz,hv)
)
(C:/Users/Ananda/AppData/Local/Programs/MiKTeX/tex/latex/mdframed/md-frame-2.md
f
File: md-frame-2.mdf 2013/07/01\ 1.9b: md-frame-2
)
\mdf@frametitlebox=\box103
\mdf@footnotebox=\box104
\mdf@splitbox@one=\box105
\mdf@splitbox@two=\box106
\mdf@splitbox@save=\box107
\mdfsplitboxwidth=\skip115
\mdfsplitboxtotalwidth=\skip116
\mdfsplitboxheight=\skip117
\mdfsplitboxdepth=\skip118
\mdfsplitboxtotalheight=\skip119
\mdfframetitleboxwidth=\skip120
\mdfframetitleboxtotalwidth=\skip121
\mdfframetitleboxheight=\skip122
\mdfframetitleboxdepth=\skip123
\mdfframetitleboxtotalheight=\skip124
\mdffootnoteboxwidth=\skip125
\mdffootnoteboxtotalwidth=\skip126
\mdffootnoteboxheight=\skip127
\mdffootnoteboxdepth=\skip128
\mdffootnoteboxtotalheight=\skip129
\mdftotallinewidth=\skip130
\mdfboundingboxwidth=\skip131
\mdfboundingboxtotalwidth=\skip132
\mdfboundingboxheight=\skip133
\mdfboundingboxdepth=\skip134
\mdfboundingboxtotalheight=\skip135
\mdf@freevspace@length=\skip136
\mdf@horizontalwidthofbox@length=\skip137
\mdf@verticalmarginwhole@length=\skip138
\mdf@horizontalspaceofbox=\skip139
\mdfsubtitleheight=\skip140
\mdfsubsubtitleheight=\skip141
\c@mdfcountframes=\count380

****** mdframed patching \endmdf@trivlist

****** -- success******

\mdf@envdepth=\count381
\c@mdf@env@i=\count382
\c@mdf@env@ii=\count383
\c@mdf@zref@counter=\count384
Package zref Info: New property: mdf@pagevalue on input line 895.
)
(C:/Users/Ananda/AppData/Local/Programs/MiKTeX/tex/latex/pst-blur/pst-blur.sty
Package: pst-blur 2005/09/08 package wrapper for pst-blur.tex (hv)

(C:/Users/Ananda/AppData/Local/Programs/MiKTeX/tex/generic/pst-blur/pst-blur.te
x  v2.0, 2005/09/08)
File: pst-blur.tex 2005/09/08 v2.0 `PST-blur' (hv)
)
(C:/Users/Ananda/AppData/Local/Programs/MiKTeX/tex/generic/iftex/ifpdf.sty
Package: ifpdf 2019/10/25 v3.4 ifpdf legacy package. Use iftex instead.
)
\c@bclogocompteur=\count385
\bcval@epBarre=\skip142
\bcval@framesep=\skip143
\bcval@tailleOndu=\skip144
\bcval@borderWidth=\skip145
\bcval@margeG=\skip146
\bcval@margeD=\skip147
\bc@envbox=\box108
)
(C:/Users/Ananda/AppData/Local/Programs/MiKTeX/tex/latex/caption/subcaption.sty
Package: subcaption 2023/02/19 v1.6 Sub-captions (AR)
(C:/Users/Ananda/AppData/Local/Programs/MiKTeX/tex/latex/caption/caption.sty
Package: caption 2023/03/12 v3.6j Customizing captions (AR)

(C:/Users/Ananda/AppData/Local/Programs/MiKTeX/tex/latex/caption/caption3.sty
Package: caption3 2023/03/12 v2.4 caption3 kernel (AR)
\caption@tempdima=\dimen353
\captionmargin=\dimen354
\caption@leftmargin=\dimen355
\caption@rightmargin=\dimen356
\caption@width=\dimen357
\caption@indent=\dimen358
\caption@parindent=\dimen359
\caption@hangindent=\dimen360
Package caption Info: Standard document class detected.
)
\c@caption@flags=\count386
\c@continuedfloat=\count387
Package caption Info: hyperref package is loaded.
Package caption Info: longtable package is loaded.

(C:/Users/Ananda/AppData/Local/Programs/MiKTeX/tex/latex/caption/ltcaption.sty
Package: ltcaption 2021/01/08 v1.4c longtable captions (AR)
))
Package caption Info: New subtype `subfigure' on input line 239.
\c@subfigure=\count388
Package caption Info: New subtype `subtable' on input line 239.
\c@subtable=\count389
)
(C:/Users/Ananda/AppData/Local/Programs/MiKTeX/tex/generic/pgf/frontendlayer/ti
kz/libraries/tikzlibrarycalc.code.tex
File: tikzlibrarycalc.code.tex 2021/05/15 v3.1.9a (3.1.9a)
)
(C:/Users/Ananda/AppData/Local/Programs/MiKTeX/tex/generic/pgf/frontendlayer/ti
kz/libraries/tikzlibraryintersections.code.tex
(C:/Users/Ananda/AppData/Local/Programs/MiKTeX/tex/generic/pgf/libraries/pgflib
raryintersections.code.tex
(C:/Users/Ananda/AppData/Local/Programs/MiKTeX/tex/generic/pgf/libraries/pgflib
raryfpu.code.tex)
\pgf@intersect@solutions=\count390
))
(C:/Users/Ananda/AppData/Local/Programs/MiKTeX/tex/generic/pgf/frontendlayer/ti
kz/libraries/tikzlibrarypositioning.code.tex
File: tikzlibrarypositioning.code.tex 2021/05/15 v3.1.9a (3.1.9a)
)
(C:/Users/Ananda/AppData/Local/Programs/MiKTeX/tex/latex/figchild/figchild.sty
Package: figchild 2025/06/04 Package for creating activities for children versi
on 3.1.1
) (C:/Users/Ananda/AppData/Local/Programs/MiKTeX/tex/latex/bookmark/bookmark.st
y
Package: bookmark 2020-11-06 v1.29 PDF bookmarks (HO)

(C:/Users/Ananda/AppData/Local/Programs/MiKTeX/tex/latex/bookmark/bkm-pdftex.de
f
File: bkm-pdftex.def 2020-11-06 v1.29 bookmark driver for pdfTeX (HO)
\BKM@id=\count391
)) (C:/Users/Ananda/AppData/Local/Programs/MiKTeX/tex/latex/amscls/amsthm.sty
Package: amsthm 2020/05/29 v2.20.6
\thm@style=\toks44
\thm@bodyfont=\toks45
\thm@headfont=\toks46
\thm@notefont=\toks47
\thm@headpunct=\toks48
\thm@preskip=\skip148
\thm@postskip=\skip149
\thm@headsep=\skip150
\dth@everypar=\toks49
)
\c@definition=\count392
\c@property=\count393
\c@example=\count394
\c@result=\count395
\c@proposition=\count396
\c@corollary=\count397
(./Time_Series.aux)
\openout1 = Time_Series.aux

LaTeX Font Info:    Checking defaults for OML/cmm/m/it on input line 55.
LaTeX Font Info:    ... okay on input line 55.
LaTeX Font Info:    Checking defaults for OMS/cmsy/m/n on input line 55.
LaTeX Font Info:    ... okay on input line 55.
LaTeX Font Info:    Checking defaults for OT1/cmr/m/n on input line 55.
LaTeX Font Info:    ... okay on input line 55.
LaTeX Font Info:    Checking defaults for T1/cmr/m/n on input line 55.
LaTeX Font Info:    ... okay on input line 55.
LaTeX Font Info:    Checking defaults for TS1/cmr/m/n on input line 55.
LaTeX Font Info:    Trying to load font information for TS1+cmr on input line 5
5.

(C:/Users/Ananda/AppData/Local/Programs/MiKTeX/tex/latex/base/ts1cmr.fd
File: ts1cmr.fd 2022/07/10 v2.5l Standard LaTeX font definitions
)
LaTeX Font Info:    ... okay on input line 55.
LaTeX Font Info:    Checking defaults for TU/lmr/m/n on input line 55.
LaTeX Font Info:    ... okay on input line 55.
LaTeX Font Info:    Checking defaults for OMX/cmex/m/n on input line 55.
LaTeX Font Info:    ... okay on input line 55.
LaTeX Font Info:    Checking defaults for U/cmr/m/n on input line 55.
LaTeX Font Info:    ... okay on input line 55.
LaTeX Font Info:    Checking defaults for PD1/pdf/m/n on input line 55.
LaTeX Font Info:    ... okay on input line 55.
LaTeX Font Info:    Checking defaults for PU/pdf/m/n on input line 55.
LaTeX Font Info:    ... okay on input line 55.

*geometry* driver: auto-detecting
*geometry* detected driver: luatex
*geometry* verbose mode - [ preamble ] result:
* driver: luatex
* paper: a4paper
* layout: <same size as paper>
* layoutoffset:(h,v)=(0.0pt,0.0pt)
* modes: 
* h-part:(L,W,R)=(57.81621pt, 481.87546pt, 57.81621pt)
* v-part:(T,H,B)=(57.81621pt, 729.41443pt, 57.81621pt)
* \paperwidth=597.50787pt
* \paperheight=845.04684pt
* \textwidth=481.87546pt
* \textheight=729.41443pt
* \oddsidemargin=-14.45378pt
* \evensidemargin=-14.45378pt
* \topmargin=-51.45378pt
* \headheight=12.0pt
* \headsep=25.0pt
* \topskip=11.0pt
* \footskip=30.0pt
* \marginparwidth=50.0pt
* \marginparsep=10.0pt
* \columnsep=10.0pt
* \skip\footins=10.0pt plus 4.0pt minus 2.0pt
* \hoffset=0.0pt
* \voffset=0.0pt
* \mag=1000
* \@twocolumnfalse
* \@twosidefalse
* \@mparswitchfalse
* \@reversemarginfalse
* (1in=72.27pt=25.4mm, 1cm=28.453pt)


(C:/Users/Ananda/AppData/Local/Programs/MiKTeX/tex/context/base/mkii/supp-pdf.m
kii
[Loading MPS to PDF converter (version 2006.09.02).]
\scratchcounter=\count398
\scratchdimen=\dimen361
\scratchbox=\box109
\nofMPsegments=\count399
\nofMParguments=\count400
\everyMPshowfont=\toks50
\MPscratchCnt=\count401
\MPscratchDim=\dimen362
\MPnumerator=\count402
\makeMPintoPDFobject=\count403
\everyMPtoPDFconversion=\toks51
)
(C:/Users/Ananda/AppData/Local/Programs/MiKTeX/tex/latex/epstopdf-pkg/epstopdf-
base.sty
Package: epstopdf-base 2020-01-24 v2.11 Base part for package epstopdf
Package epstopdf-base Info: Redefining graphics rule for `.eps' on input line 4
85.

(C:/Users/Ananda/AppData/Local/Programs/MiKTeX/tex/latex/00miktex/epstopdf-sys.
cfg
File: epstopdf-sys.cfg 2021/03/18 v2.0 Configuration of epstopdf for MiKTeX
))
(C:/Users/Ananda/AppData/Local/Programs/MiKTeX/tex/latex/ninecolors/ninecolors.
sty
Package: ninecolors 2022-02-13 vv2022D Select colors with proper color contrast

)
Package hyperref Info: Link coloring ON on input line 55.
Package caption Info: Begin \AtBeginDocument code.
Package caption Info: End \AtBeginDocument code.
LaTeX Font Info:    Trying to load font information for U+msa on input line 58.

 (C:/Users/Ananda/AppData/Local/Programs/MiKTeX/tex/latex/amsfonts/umsa.fd
File: umsa.fd 2013/01/14 v3.01 AMS symbols A
)
LaTeX Font Info:    Trying to load font information for U+msb on input line 58.

(C:/Users/Ananda/AppData/Local/Programs/MiKTeX/tex/latex/amsfonts/umsb.fd
File: umsb.fd 2013/01/14 v3.01 AMS symbols B
)
(./Time_Series.toc [1

{C:/Users/Ananda/AppData/Local/MiKTeX/fonts/map/pdftex/pdftex.map}])
\tf@toc=\write4

\openout4 = Time_Series.toc
 [2]
<figures/LA_rainfall.png, id=148, 722.7pt x 505.89pt>
File: figures/LA_rainfall.png Graphic file (type png)
<use figures/LA_rainfall.png>
Package luatex.def Info: figures/LA_rainfall.png  used on input line 83.
(luatex.def)             Requested size: 289.07487pt x 202.3524pt.
<figures/Nile.png, id=151, 722.7pt x 505.89pt>
File: figures/Nile.png Graphic file (type png)
<use figures/Nile.png>
Package luatex.def Info: figures/Nile.png  used on input line 91.
(luatex.def)             Requested size: 289.07487pt x 202.3524pt.
 [3<./figures/LA_rainfall.png><./figures/Nile.png>] [4]
Underfull \hbox (badness 10000) in paragraph at lines 112--113

 []


Underfull \hbox (badness 10000) in paragraph at lines 123--124

 []

[5]
Underfull \hbox (badness 10000) in paragraph at lines 166--167

 []

<figures/AirPassengers.png, id=195, 722.7pt x 505.89pt>
File: figures/AirPassengers.png Graphic file (type png)
<use figures/AirPassengers.png>
Package luatex.def Info: figures/AirPassengers.png  used on input line 173.
(luatex.def)             Requested size: 216.84248pt x 151.79132pt.
<figures/AirPassengers_SMA_12.png, id=196, 722.7pt x 505.89pt>
File: figures/AirPassengers_SMA_12.png Graphic file (type png)
<use figures/AirPassengers_SMA_12.png>
Package luatex.def Info: figures/AirPassengers_SMA_12.png  used on input line 1
78.
(luatex.def)             Requested size: 216.84248pt x 151.79132pt.
[6<./figures/AirPassengers.png><./figures/AirPassengers_SMA_12.png>]
Underfull \hbox (badness 10000) in paragraph at lines 186--187

 []


Underfull \hbox (badness 10000) in paragraph at lines 194--195

 []

[7]
Underfull \hbox (badness 10000) in paragraph at lines 242--243

 []

[8]
<figures/gtemp_ocean.png, id=219, 722.7pt x 505.89pt>
File: figures/gtemp_ocean.png Graphic file (type png)
<use figures/gtemp_ocean.png>
Package luatex.def Info: figures/gtemp_ocean.png  used on input line 252.
(luatex.def)             Requested size: 361.3491pt x 252.94437pt.
<figures/gtemp_ocean_sma_9.png, id=220, 722.7pt x 505.89pt>
File: figures/gtemp_ocean_sma_9.png Graphic file (type png)
<use figures/gtemp_ocean_sma_9.png>
Package luatex.def Info: figures/gtemp_ocean_sma_9.png  used on input line 258.

(luatex.def)             Requested size: 361.3491pt x 252.94437pt.
 [9<./figures/gtemp_ocean.png><./figures/gtemp_ocean_sma_9.png>]
<figures/gtemp_ocean_detrend.png, id=231, 722.7pt x 505.89pt>
File: figures/gtemp_ocean_detrend.png Graphic file (type png)
<use figures/gtemp_ocean_detrend.png>
Package luatex.def Info: figures/gtemp_ocean_detrend.png  used on input line 26
6.
(luatex.def)             Requested size: 361.3491pt x 252.94437pt.
<figures/gtemp_ocean_residual_histogram.png, id=232, 722.7pt x 505.89pt>
File: figures/gtemp_ocean_residual_histogram.png Graphic file (type png)
<use figures/gtemp_ocean_residual_histogram.png>
Package luatex.def Info: figures/gtemp_ocean_residual_histogram.png  used on in
put line 272.
(luatex.def)             Requested size: 361.3491pt x 252.94437pt.
 [10<./figures/gtemp_ocean_detrend.png><./figures/gtemp_ocean_residual_histogram
.png>]
[11]
Underfull \hbox (badness 10000) in paragraph at lines 307--308

 []


Underfull \hbox (badness 10000) in paragraph at lines 309--310

 []

File: bc-attention.mps Graphic file (type mps)
[MP to PDF]
(C:/Users/Ananda/AppData/Local/Programs/MiKTeX/tex/latex/bclogo/bc-attention.mp
s)
Underfull \hbox (badness 10000) in paragraph at lines 318--319

 []

File: bc-inter.mps Graphic file (type mps)
[MP to PDF]
(C:/Users/Ananda/AppData/Local/Programs/MiKTeX/tex/latex/bclogo/bc-inter.mps)
File: bc-crayon.mps Graphic file (type mps)

[MP to PDF]
(C:/Users/Ananda/AppData/Local/Programs/MiKTeX/tex/latex/bclogo/bc-crayon.mps)
Underfull \hbox (badness 10000) in paragraph at lines 322--323

 []


Underfull \hbox (badness 10000) in paragraph at lines 324--325

 []

[12]
Underfull \hbox (badness 10000) in paragraph at lines 340--341

 []


Underfull \hbox (badness 10000) in paragraph at lines 342--343

 []

[13]
Underfull \hbox (badness 10000) in paragraph at lines 364--365

 []


Underfull \hbox (badness 10000) in paragraph at lines 371--372

 []


Underfull \hbox (badness 10000) in paragraph at lines 376--378

 []


Underfull \hbox (badness 10000) in paragraph at lines 382--384

 []


Underfull \hbox (badness 10000) in paragraph at lines 393--394

 []

[14]
File: bc-inter.mps Graphic file (type mps)
 [MP to PDF]
(C:/Users/Ananda/AppData/Local/Programs/MiKTeX/tex/latex/bclogo/bc-inter.mps)
Overfull \hbox (4.26424pt too wide) in paragraph at lines 397--398
[][]  \TU/lmr/m/n/10.95 For a process of the form $\OML/cmm/m/it/10.95 X[] \OT1
/cmr/m/n/10.95 = \OML/cmm/m/it/10.95 Z[] \OT1/cmr/m/n/10.95 + 2\OML/cmm/m/it/10
.95 Z[] \OT1/cmr/m/n/10.95 + \OML/cmm/m/it/10.95 Z[];   t \OT1/cmr/m/n/10.95 = 
0\OML/cmm/m/it/10.95 ; \OT1/cmr/m/n/10.95 1\OML/cmm/m/it/10.95 ; \OT1/cmr/m/n/1
0.95 2\OML/cmm/m/it/10.95 ; []$ \TU/lmr/m/n/10.95 where $\OML/cmm/m/it/10.95 Z[
] \OMS/cmsy/m/n/10.95  []\OT1/cmr/m/n/10.95 (0\OML/cmm/m/it/10.95 ; []\OT1/cm
r/m/n/10.95 )$\TU/lmr/m/n/10.95 ,
 []


Underfull \hbox (badness 10000) in paragraph at lines 397--398

 []

File: bc-crayon.mps Graphic file (type mps)
[MP to PDF]
(C:/Users/Ananda/AppData/Local/Programs/MiKTeX/tex/latex/bclogo/bc-crayon.mps)
Underfull \hbox (badness 10000) in paragraph at lines 399--400

 []


Underfull \hbox (badness 10000) in paragraph at lines 422--424

 []

<figures/ACF_Plot.png, id=267, 650.43pt x 650.43pt>
File: figures/ACF_Plot.png Graphic file (type png)
<use figures/ACF_Plot.png>
Package luatex.def Info: figures/ACF_Plot.png  used on input line 439.
(luatex.def)             Requested size: 227.6539pt x 227.6539pt.

Overfull \hbox (10.81142pt too wide) in paragraph at lines 439--440
[][] 
 []

[15<./figures/ACF_Plot.png>]
Underfull \hbox (badness 10000) in paragraph at lines 452--453

 []


Underfull \hbox (badness 10000) in paragraph at lines 473--474

 []


Underfull \hbox (badness 10000) in paragraph at lines 476--477

 []

LaTeX Font Info:    Trying to load font information for U+ark on input line 500
.
(C:/Users/Ananda/AppData/Local/Programs/MiKTeX/tex/latex/dingbat/uark.fd
File: uark.fd 2001/04/27 v1.00 Font definitions for the ark10 font
)
Underfull \hbox (badness 10000) in paragraph at lines 504--505

 []

[16]
File: bc-inter.mps Graphic file (type mps)
 [MP to PDF]
(C:/Users/Ananda/AppData/Local/Programs/MiKTeX/tex/latex/bclogo/bc-inter.mps)
[17]
Underfull \hbox (badness 10000) in paragraph at lines 553--554

 []


Underfull \hbox (badness 10000) in paragraph at lines 555--556

 []


Underfull \hbox (badness 10000) in paragraph at lines 557--558

 []


Underfull \hbox (badness 10000) in paragraph at lines 568--569

 []


Underfull \hbox (badness 10000) in paragraph at lines 570--571

 []


Underfull \hbox (badness 10000) in paragraph at lines 580--583

 []

[18]
Underfull \hbox (badness 10000) in paragraph at lines 613--614

 []

File: bc-inter.mps Graphic file (type mps)
[MP to PDF]
(C:/Users/Ananda/AppData/Local/Programs/MiKTeX/tex/latex/bclogo/bc-inter.mps)
File: bc-crayon.mps Graphic file (type mps)

[MP to PDF]
(C:/Users/Ananda/AppData/Local/Programs/MiKTeX/tex/latex/bclogo/bc-crayon.mps)
[19]
<figures/alpha_0.35.png, id=318, 505.89pt x 505.89pt>
File: figures/alpha_0.35.png Graphic file (type png)
<use figures/alpha_0.35.png>
Package luatex.def Info: figures/alpha_0.35.png  used on input line 634.
(luatex.def)             Requested size: 144.5641pt x 144.5661pt.
<figures/alpha_0.85.png, id=319, 505.89pt x 505.89pt>
File: figures/alpha_0.85.png Graphic file (type png)
<use figures/alpha_0.85.png>
Package luatex.def Info: figures/alpha_0.85.png  used on input line 639.
(luatex.def)             Requested size: 144.5641pt x 144.5661pt.
<figures/alpha_negative_0.35.png, id=320, 505.89pt x 505.89pt>
File: figures/alpha_negative_0.35.png Graphic file (type png)
<use figures/alpha_negative_0.35.png>
Package luatex.def Info: figures/alpha_negative_0.35.png  used on input line 64
4.
(luatex.def)             Requested size: 144.5641pt x 144.5661pt.

Underfull \hbox (badness 10000) in paragraph at lines 657--658

 []


Underfull \hbox (badness 10000) in paragraph at lines 677--678

 []


Underfull \hbox (badness 10000) in paragraph at lines 679--680

 []

[20<./figures/alpha_0.35.png><./figures/alpha_0.85.png><./figures/alpha_negative
_0.35.png>]
Underfull \hbox (badness 10000) in paragraph at lines 730--732

 []

[21] [22]
Underfull \hbox (badness 10000) in paragraph at lines 765--767

 []


Underfull \hbox (badness 10000) in paragraph at lines 778--780

 []


Underfull \hbox (badness 10000) in paragraph at lines 781--782

 []

[23]
Underfull \hbox (badness 10000) in paragraph at lines 806--807

 []


Underfull \hbox (badness 10000) in paragraph at lines 809--810

 []

[24]
Underfull \hbox (badness 10000) in paragraph at lines 826--827

 []


Underfull \hbox (badness 10000) in paragraph at lines 830--831

 []


Underfull \hbox (badness 10000) in paragraph at lines 832--833

 []


Underfull \hbox (badness 10000) in paragraph at lines 834--835

 []


Underfull \hbox (badness 10000) in paragraph at lines 860--861

 []


Underfull \hbox (badness 10000) in paragraph at lines 862--863

 []

[25]
Underfull \hbox (badness 10000) in paragraph at lines 902--903

 []


Underfull \hbox (badness 10000) in paragraph at lines 904--905

 []


Underfull \hbox (badness 10000) in paragraph at lines 906--907

 []

[26]
File: bc-inter.mps Graphic file (type mps)
 [MP to PDF]
(C:/Users/Ananda/AppData/Local/Programs/MiKTeX/tex/latex/bclogo/bc-inter.mps)
File: bc-crayon.mps Graphic file (type mps)

[MP to PDF]
(C:/Users/Ananda/AppData/Local/Programs/MiKTeX/tex/latex/bclogo/bc-crayon.mps)
<all-twemojis.pdf, id=384, page=3609, 27.10126pt x 27.10126pt>
File: all-twemojis.pdf Graphic file (type pdf)
<use all-twemojis.pdf, page 3609>
Package luatex.def Info: all-twemojis.pdf , page3609 used on input line 973.
(luatex.def)             Requested size: 7.4787pt x 7.47885pt.
File: all-twemojis.pdf Graphic file (type pdf)
<use all-twemojis.pdf, page 3609>
Package luatex.def Info: all-twemojis.pdf , page3609 used on input line 973.
(luatex.def)             Requested size: 7.4787pt x 7.47885pt.
File: all-twemojis.pdf Graphic file (type pdf)
<use all-twemojis.pdf, page 3609>
Package luatex.def Info: all-twemojis.pdf , page3609 used on input line 973.
(luatex.def)             Requested size: 7.4787pt x 7.47885pt.
File: all-twemojis.pdf Graphic file (type pdf)
<use all-twemojis.pdf, page 3609>
Package luatex.def Info: all-twemojis.pdf , page3609 used on input line 973.
(luatex.def)             Requested size: 7.4787pt x 7.47885pt.
File: all-twemojis.pdf Graphic file (type pdf)
<use all-twemojis.pdf, page 3609>
Package luatex.def Info: all-twemojis.pdf , page3609 used on input line 973.
(luatex.def)             Requested size: 7.4787pt x 7.47885pt.
File: all-twemojis.pdf Graphic file (type pdf)
<use all-twemojis.pdf, page 3609>
Package luatex.def Info: all-twemojis.pdf , page3609 used on input line 973.
(luatex.def)             Requested size: 7.4787pt x 7.47885pt.
<all-twemojis.pdf, id=386, page=3458, 27.10126pt x 27.10126pt>
File: all-twemojis.pdf Graphic file (type pdf)
<use all-twemojis.pdf, page 3458>
Package luatex.def Info: all-twemojis.pdf , page3458 used on input line 981.
(luatex.def)             Requested size: 7.4787pt x 7.47885pt.
File: all-twemojis.pdf Graphic file (type pdf)
<use all-twemojis.pdf, page 3458>
Package luatex.def Info: all-twemojis.pdf , page3458 used on input line 981.
(luatex.def)             Requested size: 7.4787pt x 7.47885pt.

[27<C:/Users/Ananda/AppData/Local/Programs/MiKTeX/tex/latex/twemojis/all-twemoji
s.pdf><C:/Users/Ananda/AppData/Local/Programs/MiKTeX/tex/latex/twemojis/all-twem
ojis.pdf>]
Underfull \hbox (badness 10000) in paragraph at lines 991--992

 []


Underfull \hbox (badness 10000) in paragraph at lines 1001--1002

 []


Underfull \hbox (badness 10000) in paragraph at lines 1003--1004

 []


Underfull \hbox (badness 10000) in paragraph at lines 1017--1019

 []

[28]
Underfull \hbox (badness 10000) in paragraph at lines 1049--1051

 []


Underfull \hbox (badness 10000) in paragraph at lines 1055--1057

 []

File: bc-inter.mps Graphic file (type mps)
[MP to PDF]
(C:/Users/Ananda/AppData/Local/Programs/MiKTeX/tex/latex/bclogo/bc-inter.mps)
File: bc-crayon.mps Graphic file (type mps)

[MP to PDF]
(C:/Users/Ananda/AppData/Local/Programs/MiKTeX/tex/latex/bclogo/bc-crayon.mps)
File: all-twemojis.pdf Graphic file (type pdf)
<use all-twemojis.pdf, page 3609>
Package luatex.def Info: all-twemojis.pdf , page3609 used on input line 1073.
(luatex.def)             Requested size: 7.4787pt x 7.47885pt.
File: all-twemojis.pdf Graphic file (type pdf)
<use all-twemojis.pdf, page 3609>
Package luatex.def Info: all-twemojis.pdf , page3609 used on input line 1073.
(luatex.def)             Requested size: 7.4787pt x 7.47885pt.
File: all-twemojis.pdf Graphic file (type pdf)
<use all-twemojis.pdf, page 3609>
Package luatex.def Info: all-twemojis.pdf , page3609 used on input line 1073.
(luatex.def)             Requested size: 7.4787pt x 7.47885pt.
File: all-twemojis.pdf Graphic file (type pdf)
<use all-twemojis.pdf, page 3609>
Package luatex.def Info: all-twemojis.pdf , page3609 used on input line 1073.
(luatex.def)             Requested size: 7.4787pt x 7.47885pt.
File: all-twemojis.pdf Graphic file (type pdf)
<use all-twemojis.pdf, page 3609>
Package luatex.def Info: all-twemojis.pdf , page3609 used on input line 1073.
(luatex.def)             Requested size: 7.4787pt x 7.47885pt.
File: all-twemojis.pdf Graphic file (type pdf)
<use all-twemojis.pdf, page 3609>
Package luatex.def Info: all-twemojis.pdf , page3609 used on input line 1073.
(luatex.def)             Requested size: 7.4787pt x 7.47885pt.
File: all-twemojis.pdf Graphic file (type pdf)
<use all-twemojis.pdf, page 3458>
Package luatex.def Info: all-twemojis.pdf , page3458 used on input line 1076.
(luatex.def)             Requested size: 7.4787pt x 7.47885pt.
File: all-twemojis.pdf Graphic file (type pdf)
<use all-twemojis.pdf, page 3458>
Package luatex.def Info: all-twemojis.pdf , page3458 used on input line 1084.
(luatex.def)             Requested size: 7.4787pt x 7.47885pt.
File: all-twemojis.pdf Graphic file (type pdf)
<use all-twemojis.pdf, page 3458>
Package luatex.def Info: all-twemojis.pdf , page3458 used on input line 1084.
(luatex.def)             Requested size: 7.4787pt x 7.47885pt.
File: all-twemojis.pdf Graphic file (type pdf)
<use all-twemojis.pdf, page 3458>
Package luatex.def Info: all-twemojis.pdf , page3458 used on input line 1092.
(luatex.def)             Requested size: 7.4787pt x 7.47885pt.
File: all-twemojis.pdf Graphic file (type pdf)
<use all-twemojis.pdf, page 3458>
Package luatex.def Info: all-twemojis.pdf , page3458 used on input line 1092.
(luatex.def)             Requested size: 7.4787pt x 7.47885pt.

[29]
Underfull \hbox (badness 10000) in paragraph at lines 1108--1109

 []


Underfull \hbox (badness 10000) in paragraph at lines 1123--1125

 []

[30] [31]
Overfull \hbox (2.19466pt too wide) in paragraph at lines 1184--1184
[]\TU/lmr/bx/n/14.4 Estimation of Mean and Autocorrelation Function of a Station
ary
 []


Package hyperref Warning: Token not allowed in a PDF string (Unicode):
(hyperref)                removing `math shift' on input line 1188.


Package hyperref Warning: Token not allowed in a PDF string (Unicode):
(hyperref)                removing `\mu' on input line 1188.


Package hyperref Warning: Token not allowed in a PDF string (Unicode):
(hyperref)                removing `math shift' on input line 1188.


Underfull \hbox (badness 10000) in paragraph at lines 1195--1196

 []

Missing character: There is no ँ (U+0901) in font cmmi10!
Missing character: There is no ँ (U+0901) in font cmmi10!
Missing character: There is no ँ (U+0901) in font cmmi10!
Missing character: There is no ँ (U+0901) in font cmmi10!
Missing character: There is no ँ (U+0901) in font cmmi10!
Missing character: There is no ँ (U+0901) in font cmmi10!
Missing character: There is no ँ (U+0901) in font cmmi10!
Missing character: There is no ँ (U+0901) in font cmmi10!
Missing character: There is no ँ (U+0901) in font cmmi10!
Missing character: There is no ँ (U+0901) in font cmmi10!
Missing character: There is no ँ (U+0901) in font cmmi10!
Missing character: There is no ँ (U+0901) in font cmmi10!
Missing character: There is no ँ (U+0901) in font cmmi10!
Missing character: There is no ँ (U+0901) in font cmmi10!
Missing character: There is no ं (U+0902) in font cmmi10!
Missing character: There is no ं (U+0902) in font cmmi10!
Missing character: There is no ं (U+0902) in font cmmi10!
Missing character: There is no ं (U+0902) in font cmmi10!
Missing character: There is no ँ (U+0901) in font cmmi10!
Missing character: There is no ँ (U+0901) in font cmmi10!
Missing character: There is no ँ (U+0901) in font cmmi10!
Missing character: There is no ँ (U+0901) in font cmmi10!
Missing character: There is no ँ (U+0901) in font cmmi10!
Missing character: There is no ँ (U+0901) in font cmmi10!
Missing character: There is no ँ (U+0901) in font cmmi10!
Missing character: There is no ँ (U+0901) in font cmmi10!
Missing character: There is no ँ (U+0901) in font cmmi10!
Missing character: There is no ँ (U+0901) in font cmmi10!
Missing character: There is no ँ (U+0901) in font cmmi10!
Missing character: There is no ँ (U+0901) in font cmmi10!
Missing character: There is no ँ (U+0901) in font cmmi10!
Missing character: There is no ँ (U+0901) in font cmmi10!
Missing character: There is no ं (U+0902) in font cmmi10!
Missing character: There is no ं (U+0902) in font cmmi10!
Missing character: There is no ं (U+0902) in font cmmi10!
Missing character: There is no ं (U+0902) in font cmmi10!
Missing character: There is no ँ (U+0901) in font cmmi10!
Missing character: There is no ँ (U+0901) in font cmmi10!
Missing character: There is no ँ (U+0901) in font cmmi10!
Missing character: There is no ँ (U+0901) in font cmmi10!
Missing character: There is no ँ (U+0901) in font cmmi10!
Missing character: There is no ँ (U+0901) in font cmmi10!
Missing character: There is no ँ (U+0901) in font cmmi10!
Missing character: There is no ँ (U+0901) in font cmmi10!
Missing character: There is no ँ (U+0901) in font cmmi10!
Missing character: There is no ँ (U+0901) in font cmmi10!
Missing character: There is no ँ (U+0901) in font cmmi10!
Missing character: There is no ँ (U+0901) in font cmmi10!
Missing character: There is no ँ (U+0901) in font cmmi10!
Missing character: There is no ँ (U+0901) in font cmmi10!
Missing character: There is no ं (U+0902) in font cmmi10!
Missing character: There is no ं (U+0902) in font cmmi10!
Missing character: There is no ं (U+0902) in font cmmi10!
Missing character: There is no ं (U+0902) in font cmmi10!
Missing character: There is no ँ (U+0901) in font cmmi10!
Missing character: There is no ँ (U+0901) in font cmmi10!
Missing character: There is no ँ (U+0901) in font cmmi10!
Missing character: There is no ँ (U+0901) in font cmmi10!
Missing character: There is no ँ (U+0901) in font cmmi10!
Missing character: There is no ँ (U+0901) in font cmmi10!
Missing character: There is no ँ (U+0901) in font cmmi10!
Missing character: There is no ँ (U+0901) in font cmmi10!
Missing character: There is no ँ (U+0901) in font cmmi10!
Missing character: There is no ँ (U+0901) in font cmmi10!
Missing character: There is no ँ (U+0901) in font cmmi10!
Missing character: There is no ँ (U+0901) in font cmmi10!
Missing character: There is no ँ (U+0901) in font cmmi10!
Missing character: There is no ँ (U+0901) in font cmmi10!
Missing character: There is no ं (U+0902) in font cmmi10!
Missing character: There is no ं (U+0902) in font cmmi10!
Missing character: There is no ं (U+0902) in font cmmi10!
Missing character: There is no ं (U+0902) in font cmmi10!
Missing character: There is no ँ (U+0901) in font cmmi10!
Missing character: There is no ँ (U+0901) in font cmmi10!
Missing character: There is no ँ (U+0901) in font cmmi10!
Missing character: There is no ँ (U+0901) in font cmmi10!
Missing character: There is no ँ (U+0901) in font cmmi10!
Missing character: There is no ँ (U+0901) in font cmmi10!
Missing character: There is no ँ (U+0901) in font cmmi10!
Missing character: There is no ँ (U+0901) in font cmmi10!
Missing character: There is no ँ (U+0901) in font cmmi10!
Missing character: There is no ँ (U+0901) in font cmmi10!
Missing character: There is no ँ (U+0901) in font cmmi10!
Missing character: There is no ँ (U+0901) in font cmmi10!
Missing character: There is no ँ (U+0901) in font cmmi10!
Missing character: There is no ँ (U+0901) in font cmmi10!
Missing character: There is no ं (U+0902) in font cmmi10!
Missing character: There is no ं (U+0902) in font cmmi10!
Missing character: There is no ं (U+0902) in font cmmi10!
Missing character: There is no ं (U+0902) in font cmmi10!
Missing character: There is no ँ (U+0901) in font cmmi10!
Missing character: There is no ँ (U+0901) in font cmmi10!
Missing character: There is no ँ (U+0901) in font cmmi10!
Missing character: There is no ँ (U+0901) in font cmmi10!
Missing character: There is no ँ (U+0901) in font cmmi10!
Missing character: There is no ँ (U+0901) in font cmmi10!
Missing character: There is no ँ (U+0901) in font cmmi10!
Missing character: There is no ँ (U+0901) in font cmmi10!
Missing character: There is no ँ (U+0901) in font cmmi10!
Missing character: There is no ँ (U+0901) in font cmmi10!
Missing character: There is no ँ (U+0901) in font cmmi10!
Missing character: There is no ँ (U+0901) in font cmmi10!
Missing character: There is no ँ (U+0901) in font cmmi10!
Missing character: There is no ँ (U+0901) in font cmmi10!
Missing character: There is no ं (U+0902) in font cmmi10!
Missing character: There is no ं (U+0902) in font cmmi10!
Missing character: There is no ं (U+0902) in font cmmi10!
Missing character: There is no ं (U+0902) in font cmmi10!
[32]
Underfull \hbox (badness 10000) in paragraph at lines 1222--1223

 []


Underfull \hbox (badness 10000) in paragraph at lines 1224--1225

 []


Underfull \hbox (badness 10000) in paragraph at lines 1226--1227

 []


Underfull \hbox (badness 10000) in paragraph at lines 1231--1233

 []


Underfull \hbox (badness 10000) in paragraph at lines 1237--1239

 []


Underfull \hbox (badness 10000) in paragraph at lines 1240--1241

 []

[33]

Package hyperref Warning: Token not allowed in a PDF string (Unicode):
(hyperref)                removing `math shift' on input line 1262.


Package hyperref Warning: Token not allowed in a PDF string (Unicode):
(hyperref)                removing `\gamma' on input line 1262.


Package hyperref Warning: Token not allowed in a PDF string (Unicode):
(hyperref)                removing `\cdot' on input line 1262.


Package hyperref Warning: Token not allowed in a PDF string (Unicode):
(hyperref)                removing `math shift' on input line 1262.


Package hyperref Warning: Token not allowed in a PDF string (Unicode):
(hyperref)                removing `math shift' on input line 1262.


Package hyperref Warning: Token not allowed in a PDF string (Unicode):
(hyperref)                removing `\rho' on input line 1262.


Package hyperref Warning: Token not allowed in a PDF string (Unicode):
(hyperref)                removing `\cdot' on input line 1262.


Package hyperref Warning: Token not allowed in a PDF string (Unicode):
(hyperref)                removing `math shift' on input line 1262.


Underfull \hbox (badness 10000) in paragraph at lines 1264--1265

 []


Underfull \hbox (badness 10000) in paragraph at lines 1275--1276

 []


Underfull \hbox (badness 10000) in paragraph at lines 1289--1290

 []

[34]
Underfull \hbox (badness 10000) in paragraph at lines 1319--1320

 []


Underfull \hbox (badness 10000) in paragraph at lines 1334--1335

 []


Underfull \hbox (badness 10000) in paragraph at lines 1336--1337

 []


Underfull \hbox (badness 10000) in paragraph at lines 1338--1339

 []


Underfull \hbox (badness 10000) in paragraph at lines 1340--1341

 []


Underfull \hbox (badness 10000) in paragraph at lines 1347--1348

 []

[35]
Underfull \hbox (badness 10000) in paragraph at lines 1358--1359

 []


Overfull \hbox (2.16167pt too wide) detected at line 1368
[]
 []


Underfull \hbox (badness 10000) in paragraph at lines 1370--1371

 []


Underfull \hbox (badness 10000) in paragraph at lines 1379--1380

 []

[36]
Underfull \hbox (badness 10000) in paragraph at lines 1385--1386

 []


Underfull \hbox (badness 10000) in paragraph at lines 1387--1388

 []


Overfull \hbox (11.9865pt too wide) in paragraph at lines 1389--1390
[]\TU/lmr/m/n/10.95 However, $\OML/cmm/m/it/10.95 \OT1/cmr/m/n/10.95 (1)$ \TU/
lmr/m/n/10.95 is not generally known in advance. So we compare autocorrelations $[]\OT1/cmr/m/n/10.95 (2)\OML/cmm/m/it/10.95 ; []\OT1/cmr/m/n/10.95 (3)\OML/cmm/m/it/10.95 ; [] ; []\OT1/cmr/m/n/10.95 (40)$
 []


Underfull \hbox (badness 10000) in paragraph at lines 1389--1390

 []

<figures/sample_ACF_of_MA_1.png, id=510, 722.7pt x 578.16pt>
File: figures/sample_ACF_of_MA_1.png Graphic file (type png)
<use figures/sample_ACF_of_MA_1.png>
Package luatex.def Info: figures/sample_ACF_of_MA_1.png  used on input line 139
5.
(luatex.def)             Requested size: 289.07487pt x 231.2599pt.
[37<./figures/sample_ACF_of_MA_1.png>]
Underfull \hbox (badness 10000) in paragraph at lines 1409--1410

 []


Overfull \hbox (26.12206pt too wide) detected at line 1431
[]
 []

[38] [39] [40]
Underfull \hbox (badness 10000) in paragraph at lines 1498--1499

 []

[41] [42]
<figures/simulation_of_MA_1_with_theta_negative_0.8.png, id=553, 794.97pt x 578
.16pt>
File: figures/simulation_of_MA_1_with_theta_negative_0.8.png Graphic file (type
 png)
<use figures/simulation_of_MA_1_with_theta_negative_0.8.png>
Package luatex.def Info: figures/simulation_of_MA_1_with_theta_negative_0.8.png
  used on input line 1549.
(luatex.def)             Requested size: 317.98236pt x 231.2599pt.
<figures/simulation_of_alpha_2_in_MA_1_with_theta_negative_0.8.png, id=554, 722
.7pt x 722.7pt>
File: figures/simulation_of_alpha_2_in_MA_1_with_theta_negative_0.8.png Graphic
 file (type png)
<use figures/simulation_of_alpha_2_in_MA_1_with_theta_negative_0.8.png>
Package luatex.def Info: figures/simulation_of_alpha_2_in_MA_1_with_theta_negat
ive_0.8.png  used on input line 1556.
(luatex.def)             Requested size: 252.94878pt x 252.94878pt.
 [43<./figures/simulation_of_MA_1_with_theta_negative_0.8.png><./figures/simulat
ion_of_alpha_2_in_MA_1_with_theta_negative_0.8.png>]
Underfull \hbox (badness 10000) in paragraph at lines 1566--1567

 []


Underfull \hbox (badness 10000) in paragraph at lines 1568--1569

 []


Underfull \hbox (badness 10000) in paragraph at lines 1570--1571

 []

[44]
Underfull \hbox (badness 10000) in paragraph at lines 1609--1610

 []


Underfull \hbox (badness 10000) in paragraph at lines 1638--1644

 []


Underfull \hbox (badness 10000) in paragraph at lines 1655--1657

 []

[45]
Overfull \hbox (54.02611pt too wide) detected at line 1674
[]
 []


Package hyperref Warning: Token not allowed in a PDF string (Unicode):
(hyperref)                removing `math shift' on input line 1676.


Package hyperref Warning: Token not allowed in a PDF string (Unicode):
(hyperref)                removing `math shift' on input line 1676.


Underfull \hbox (badness 10000) in paragraph at lines 1678--1679

 []

[46]

Package hyperref Warning: Token not allowed in a PDF string (Unicode):
(hyperref)                removing `math shift' on input line 1704.


Package hyperref Warning: Token not allowed in a PDF string (Unicode):
(hyperref)                removing `math shift' on input line 1704.


Package hyperref Warning: Token not allowed in a PDF string (Unicode):
(hyperref)                removing `math shift' on input line 1704.


Package hyperref Warning: Token not allowed in a PDF string (Unicode):
(hyperref)                removing `\geq' on input line 1704.


Package hyperref Warning: Token not allowed in a PDF string (Unicode):
(hyperref)                removing `math shift' on input line 1704.


Underfull \hbox (badness 10000) in paragraph at lines 1721--1722

 []


Underfull \hbox (badness 10000) in paragraph at lines 1724--1726

 []


Underfull \hbox (badness 10000) in paragraph at lines 1743--1745

 []

[47]
File: bc-attention.mps Graphic file (type mps)
 [MP to PDF]
(C:/Users/Ananda/AppData/Local/Programs/MiKTeX/tex/latex/bclogo/bc-attention.mp
s)
Underfull \hbox (badness 10000) in paragraph at lines 1816--1817

 []

[48] [49]
Underfull \hbox (badness 10000) in paragraph at lines 1866--1867

 []

[50]
Underfull \hbox (badness 10000) in paragraph at lines 1910--1911

 []


Underfull \hbox (badness 10000) in paragraph at lines 1919--1921

 []

[51]
Overfull \hbox (0.20045pt too wide) in paragraph at lines 1988--1989
\TU/lmr/m/n/10.95 The method of moments is unsatisfactory for many models, so we
 consider other methods of estimation.
 []


Underfull \hbox (badness 10000) in paragraph at lines 1988--1989

 []

[52]
Overfull \hbox (3.12718pt too wide) detected at line 2025
[]
 []


Underfull \hbox (badness 10000) in paragraph at lines 2056--2057

 []

[53] [54] [55]
Underfull \hbox (badness 10000) in paragraph at lines 2187--2188

 []

[56]
Overfull \hbox (7.29478pt too wide) in paragraph at lines 2233--2233
[]\TU/lmr/m/n/10.95 where $\OML/cmm/m/it/10.95 x[]$ \TU/lmr/m/n/10.95 is the bes
t linear one-step-ahead predictor $\OML/cmm/m/it/10.95 P[]X[]$ \TU/lmr/m/n/10.9
5 (as given in ([][]15.10[][]); when $\OML/cmm/m/it/10.95 X[]; [] ; X[]$
 []

[57]
Underfull \hbox (badness 10000) in paragraph at lines 2309--2312

 []


Overfull \hbox (7.66502pt too wide) in paragraph at lines 2314--2315
[][]\TU/lmr/bx/n/10.95 Property 16.1. []\TU/lmr/m/it/10.95 Under appropriate con
ditions, for causal and invertible ARMA processes, the maximum
 []

[58] [59]
Underfull \hbox (badness 10000) in paragraph at lines 2404--2405

 []

[60] [61] (./Time_Series.aux))

Here is how much of LuaTeX's memory you used:
 46069 strings out of 478389
 100000,3417909 words of node,token memory allocated
 2010 words of node memory still in use:
   7 hlist, 2 vlist, 2 rule, 26 glue, 4 kern, 2 sub_mlist, 1 glyph, 271 attribut
e, 108 glue_spec, 271 attribute_list, 2 write nodes
   avail lists: 2:1355,3:1435,4:338,5:550,6:139,7:6740,8:122,9:1720,10:16,11:16
 64229 multiletter control sequences out of 65536+600000
 93 fonts using 6449783 bytes
 99i,20n,128p,5361b,1120s stack positions out of 10000i,1000n,20000p,200000b,80000s
<<C:\Users\Ananda\AppData\Local\MiKTeX\fonts/pk/ljfour/public/dingbat/dpi657\ark
10.pk>><//?/c:/users/ananda/appdata/local/programs/miktex/fonts/opentype/public/
lm/lmroman9-italic.otf><//?/c:/users/ananda/appdata/local/programs/miktex/fonts/
opentype/public/lm/lmroman9-regular.otf><//?/c:/users/ananda/appdata/local/progr
ams/miktex/fonts/opentype/public/lm/lmroman6-regular.otf><//?/c:/users/ananda/ap
pdata/local/programs/miktex/fonts/opentype/public/lm/lmroman8-regular.otf><//?/c
:/users/ananda/appdata/local/programs/miktex/fonts/opentype/public/lm/lmroman10-
italic.otf><//?/c:/users/ananda/appdata/local/programs/miktex/fonts/opentype/pub
lic/lm/lmroman10-regular.otf><//?/c:/users/ananda/appdata/local/programs/miktex/
fonts/opentype/public/lm/lmroman10-bold.otf><//?/c:/users/ananda/appdata/local/p
rograms/miktex/fonts/opentype/public/lm/lmroman12-bold.otf><//?/c:/users/ananda/
appdata/local/programs/miktex/fonts/opentype/public/lm/lmroman12-regular.otf><//
?/c:/users/ananda/appdata/local/programs/miktex/fonts/opentype/public/lm/lmroman
17-regular.otf><C:/Users/Ananda/AppData/Local/Programs/MiKTeX/fonts/type1/public
/amsfonts/cm/cmbx10.pfb><C:/Users/Ananda/AppData/Local/Programs/MiKTeX/fonts/typ
e1/public/amsfonts/cm/cmex10.pfb><C:/Users/Ananda/AppData/Local/Programs/MiKTeX/
fonts/type1/public/amsfonts/cm/cmmi10.pfb><C:/Users/Ananda/AppData/Local/Program
s/MiKTeX/fonts/type1/public/amsfonts/cm/cmmi12.pfb><C:/Users/Ananda/AppData/Loca
l/Programs/MiKTeX/fonts/type1/public/amsfonts/cm/cmmi6.pfb><C:/Users/Ananda/AppD
ata/Local/Programs/MiKTeX/fonts/type1/public/amsfonts/cm/cmmi8.pfb><C:/Users/Ana
nda/AppData/Local/Programs/MiKTeX/fonts/type1/public/amsfonts/cm/cmmi9.pfb><C:/U
sers/Ananda/AppData/Local/Programs/MiKTeX/fonts/type1/public/amsfonts/cm/cmmib10
.pfb><C:/Users/Ananda/AppData/Local/Programs/MiKTeX/fonts/type1/public/amsfonts/
cm/cmr10.pfb><C:/Users/Ananda/AppData/Local/Programs/MiKTeX/fonts/type1/public/a
msfonts/cm/cmr12.pfb><C:/Users/Ananda/AppData/Local/Programs/MiKTeX/fonts/type1/
public/amsfonts/cm/cmr6.pfb><C:/Users/Ananda/AppData/Local/Programs/MiKTeX/fonts
/type1/public/amsfonts/cm/cmr8.pfb><C:/Users/Ananda/AppData/Local/Programs/MiKTe
X/fonts/type1/public/amsfonts/cm/cmr9.pfb><C:/Users/Ananda/AppData/Local/Program
s/MiKTeX/fonts/type1/public/amsfonts/cm/cmsy10.pfb><C:/Users/Ananda/AppData/Loca
l/Programs/MiKTeX/fonts/type1/public/amsfonts/cm/cmsy6.pfb><C:/Users/Ananda/AppD
ata/Local/Programs/MiKTeX/fonts/type1/public/amsfonts/cm/cmsy8.pfb><C:/Users/Ana
nda/AppData/Local/Programs/MiKTeX/fonts/type1/public/amsfonts/cm/cmsy9.pfb><C:/U
sers/Ananda/AppData/Local/Programs/MiKTeX/fonts/type1/public/amsfonts/symbols/ms
am10.pfb><C:/Users/Ananda/AppData/Local/Programs/MiKTeX/fonts/type1/public/amsfo
nts/symbols/msbm10.pfb>
Output written on Time_Series.pdf (61 pages, 7441670 bytes).

PDF statistics: 1134 PDF objects out of 1200 (max. 8388607)
 307 named destinations out of 1000 (max. 131072)
 496 words of extra memory for PDF output out of 10000 (max. 100000000)

