\BOOKMARK [1][-]{section.1}{\376\377\000I\000n\000t\000r\000o\000d\000u\000c\000t\000i\000o\000n}{}% 1
\BOOKMARK [2][-]{subsection.1.1}{\376\377\000E\000x\000a\000m\000p\000l\000e\000s}{section.1}% 2
\BOOKMARK [2][-]{subsection.1.2}{\376\377\000O\000b\000j\000e\000c\000t\000i\000v\000e\000s\000\040\000o\000f\000\040\000T\000i\000m\000e\000\040\000S\000e\000r\000i\000e\000s\000\040\000A\000n\000a\000l\000y\000s\000i\000s}{section.1}% 3
\BOOKMARK [1][-]{section.2}{\376\377\000S\000m\000o\000o\000t\000h\000i\000n\000g}{}% 4
\BOOKMARK [2][-]{subsection.2.1}{\376\377\000S\000i\000m\000p\000l\000e\000\040\000M\000o\000v\000i\000n\000g\000\040\000A\000v\000e\000r\000a\000g\000e}{section.2}% 5
\BOOKMARK [1][-]{section.3}{\376\377\000C\000l\000a\000s\000s\000i\000c\000a\000l\000\040\000D\000e\000c\000o\000m\000p\000o\000s\000i\000t\000i\000o\000n\000\040\000M\000o\000d\000e\000l}{}% 6
\BOOKMARK [1][-]{section.4}{\376\377\000E\000s\000t\000i\000m\000a\000t\000i\000o\000n\000\040\000a\000n\000d\000\040\000E\000l\000i\000m\000i\000n\000a\000t\000i\000o\000n\000\040\000o\000f\000\040\000T\000r\000e\000n\000d\000\040\000i\000n\000\040\000A\000b\000s\000e\000n\000c\000e\000\040\000o\000f\000\040\000S\000e\000a\000s\000o\000n\000a\000l\000i\000t\000y}{}% 7
\BOOKMARK [2][-]{subsection.4.1}{\376\377\000S\000m\000o\000o\000t\000h\000i\000n\000g\000\040\000b\000y\000\040\000M\000o\000v\000i\000n\000g\000\040\000A\000v\000e\000r\000a\000g\000e}{section.4}% 8
\BOOKMARK [1][-]{section.5}{\376\377\000S\000o\000m\000e\000\040\000I\000m\000p\000o\000r\000t\000a\000n\000t\000\040\000F\000u\000n\000c\000t\000i\000o\000n\000s}{}% 9
\BOOKMARK [2][-]{subsection.5.1}{\376\377\000P\000r\000o\000p\000e\000r\000t\000i\000e\000s\000\040\000o\000f\000\040\000A\000u\000t\000o\000-\000c\000o\000r\000r\000e\000l\000a\000t\000i\000o\000n\000\040\000F\000u\000n\000c\000t\000i\000o\000n}{section.5}% 10
\BOOKMARK [1][-]{section.6}{\376\377\000S\000t\000a\000t\000i\000o\000n\000a\000r\000i\000t\000y}{}% 11
\BOOKMARK [2][-]{subsection.6.1}{\376\377\000S\000t\000r\000o\000n\000g\000/\000S\000t\000r\000i\000c\000t\000\040\000S\000t\000a\000t\000i\000o\000n\000a\000r\000y}{section.6}% 12
\BOOKMARK [2][-]{subsection.6.2}{\376\377\000W\000e\000a\000k\000\040\000S\000t\000a\000t\000i\000o\000n\000a\000r\000y}{section.6}% 13
\BOOKMARK [1][-]{section.7}{\376\377\000R\000a\000n\000d\000o\000m\000\040\000W\000a\000l\000k}{}% 14
\BOOKMARK [1][-]{section.8}{\376\377\000M\000o\000v\000i\000n\000g\000\040\000A\000v\000e\000r\000a\000g\000e\000\040\000P\000r\000o\000c\000e\000s\000s}{}% 15
\BOOKMARK [2][-]{subsection.8.1}{\376\377\000M\000A\000\050\0001\000\051\000\040\000P\000r\000o\000c\000e\000s\000s}{section.8}% 16
\BOOKMARK [2][-]{subsection.8.2}{\376\377\000M\000A\000\050\000q\000\051\000\040\000P\000r\000o\000c\000e\000s\000s}{section.8}% 17
\BOOKMARK [1][-]{section.9}{\376\377\000A\000u\000t\000o\000r\000e\000g\000r\000e\000s\000s\000i\000v\000e\000\040\000P\000r\000o\000c\000e\000s\000s}{}% 18
\BOOKMARK [2][-]{subsection.9.1}{\376\377\000A\000R\000\050\0001\000\051\000\040\000P\000r\000o\000c\000e\000s\000s}{section.9}% 19
\BOOKMARK [2][-]{subsection.9.2}{\376\377\000A\000R\000\050\0002\000\051\000\040\000P\000r\000o\000c\000e\000s\000s}{section.9}% 20
\BOOKMARK [2][-]{subsection.9.3}{\376\377\000A\000R\000\050\000p\000\051\000\040\000P\000r\000o\000c\000e\000s\000s}{section.9}% 21
\BOOKMARK [1][-]{section.10}{\376\377\000Y\000u\000l\000e\000\040\000W\000a\000l\000k\000e\000r\000\040\000E\000q\000u\000a\000t\000i\000o\000n\000s}{}% 22
\BOOKMARK [2][-]{subsection.10.1}{\376\377\000A\000R\000\050\0002\000\051\000\040\000P\000r\000o\000c\000e\000s\000s}{section.10}% 23
\BOOKMARK [1][-]{section.11}{\376\377\000S\000t\000a\000t\000i\000o\000n\000a\000r\000y\000\040\000C\000o\000n\000d\000i\000t\000i\000o\000n\000s\000\040\000f\000o\000r\000\040\000A\000R\000\050\0002\000\051\000\040\000P\000r\000o\000c\000e\000s\000s}{}% 24
\BOOKMARK [1][-]{section.12}{\376\377\000A\000R\000M\000A\000\040\000P\000r\000o\000c\000e\000s\000s}{}% 25
\BOOKMARK [2][-]{subsection.12.1}{\376\377\000A\000R\000M\000A\000\040\000\050\0001\000,\000\040\0001\000\051\000\040\000P\000r\000o\000c\000e\000s\000s}{section.12}% 26
\BOOKMARK [1][-]{section.13}{\376\377\000E\000s\000t\000i\000m\000a\000t\000i\000o\000n\000\040\000o\000f\000\040\000M\000e\000a\000n\000\040\000a\000n\000d\000\040\000A\000u\000t\000o\000c\000o\000r\000r\000e\000l\000a\000t\000i\000o\000n\000\040\000F\000u\000n\000c\000t\000i\000o\000n\000\040\000o\000f\000\040\000a\000\040\000S\000t\000a\000t\000i\000o\000n\000a\000r\000y\000\040\000P\000r\000o\000c\000e\000s\000s}{}% 27
\BOOKMARK [2][-]{subsection.13.1}{\376\377\000E\000s\000t\000i\000m\000a\000t\000i\000o\000n\000\040\000o\000f\000\040}{section.13}% 28
\BOOKMARK [2][-]{subsection.13.2}{\376\377\000E\000s\000t\000i\000m\000a\000t\000i\000o\000n\000\040\000o\000f\000\040\000\050\000\051\000\040\000a\000n\000d\000\040\000\050\000\051}{section.13}% 29
\BOOKMARK [3][-]{subsubsection.13.2.1}{\376\377\000F\000o\000r\000\040\000a\000\040\000P\000u\000r\000e\000l\000y\000\040\000R\000a\000n\000d\000o\000m\000\040\000P\000r\000o\000c\000e\000s\000s}{subsection.13.2}% 30
\BOOKMARK [3][-]{subsubsection.13.2.2}{\376\377\000F\000o\000r\000\040\000a\000n\000\040\000M\000A\000\050\0001\000\051\000\040\000P\000r\000o\000c\000e\000s\000s}{subsection.13.2}% 31
\BOOKMARK [3][-]{subsubsection.13.2.3}{\376\377\000F\000o\000r\000\040\000a\000n\000\040\000A\000R\000\050\0001\000\051\000\040\000P\000r\000o\000c\000e\000s\000s}{subsection.13.2}% 32
\BOOKMARK [1][-]{section.14}{\376\377\000T\000h\000e\000\040\000P\000a\000r\000t\000i\000a\000l\000\040\000A\000u\000t\000o\000c\000o\000r\000r\000e\000l\000a\000t\000i\000o\000n\000\040\000F\000u\000n\000c\000t\000i\000o\000n}{}% 33
\BOOKMARK [2][-]{subsection.14.1}{\376\377\000P\000A\000C\000F\000\040\000o\000f\000\040\000a\000n\000\040\000A\000R\000\050\0001\000\051\000\040\000P\000r\000o\000c\000e\000s\000s}{section.14}% 34
\BOOKMARK [2][-]{subsection.14.2}{\376\377\000P\000A\000C\000F\000\040\000o\000f\000\040\000a\000n\000\040\000A\000R\000\050\000p\000\051\000\040\000P\000r\000o\000c\000e\000s\000s}{section.14}% 35
\BOOKMARK [2][-]{subsection.14.3}{\376\377\000P\000A\000C\000F\000\040\000o\000f\000\040\000a\000n\000\040\000M\000A\000\050\0001\000\051\000\040\000P\000r\000o\000c\000e\000s\000s}{section.14}% 36
\BOOKMARK [1][-]{section.15}{\376\377\000F\000o\000r\000e\000c\000a\000s\000t\000i\000n\000g\000\040\000S\000t\000a\000t\000i\000o\000n\000a\000r\000y\000\040\000T\000i\000m\000e\000\040\000S\000e\000r\000i\000e\000s}{}% 37
\BOOKMARK [2][-]{subsection.15.1}{\376\377\000T\000h\000e\000\040\000P\000r\000e\000d\000i\000c\000t\000i\000o\000n\000\040\000E\000q\000u\000a\000t\000i\000o\000n\000s\000\040\000i\000n\000\040\000t\000h\000e\000\040\000T\000i\000m\000e\000\040\000D\000o\000m\000a\000i\000n}{section.15}% 38
\BOOKMARK [2][-]{subsection.15.2}{\376\377\000E\000q\000u\000a\000t\000i\000o\000n\000s\000\040\000f\000o\000r\000\040\000t\000h\000e\000\040\000O\000n\000e\000-\000S\000t\000e\000p\000\040\000P\000r\000e\000d\000i\000c\000t\000o\000r\000s\000,\000\040\000h\000\040\000=\000\040\0001}{section.15}% 39
\BOOKMARK [2][-]{subsection.15.3}{\376\377\000E\000q\000u\000a\000t\000i\000o\000n\000s\000\040\000f\000o\000r\000\040\000t\000h\000e\000\040\000h\000-\000S\000t\000e\000p\000\040\000P\000r\000e\000d\000i\000c\000t\000o\000r\000s\000,\000\040\000h\000\040\0001}{section.15}% 40
\BOOKMARK [2][-]{subsection.15.4}{\376\377\000O\000n\000e\000-\000s\000t\000e\000p\000\040\000P\000r\000e\000d\000i\000c\000t\000i\000o\000n\000\040\000o\000f\000\040\000a\000\040\000s\000t\000a\000t\000i\000o\000n\000a\000r\000y\000\040\000A\000R\000\050\0001\000\051\000\040\000P\000r\000o\000c\000e\000s\000s}{section.15}% 41
\BOOKMARK [2][-]{subsection.15.5}{\376\377\000R\000e\000c\000u\000r\000s\000i\000v\000e\000\040\000M\000e\000t\000h\000o\000d\000s\000\040\000f\000o\000r\000\040\000C\000o\000m\000p\000u\000t\000i\000n\000g\000\040\000B\000e\000s\000t\000\040\000L\000i\000n\000e\000a\000r\000\040\000P\000r\000e\000d\000i\000c\000t\000o\000r\000s}{section.15}% 42
\BOOKMARK [3][-]{subsubsection.15.5.1}{\376\377\000T\000h\000e\000\040\000D\000u\000r\000b\000i\000n\000-\000L\000e\000v\000i\000n\000s\000o\000n\000\040\000A\000l\000g\000o\000r\000i\000t\000h\000m}{subsection.15.5}% 43
\BOOKMARK [3][-]{subsubsection.15.5.2}{\376\377\000T\000h\000e\000\040\000I\000n\000n\000o\000v\000a\000t\000i\000o\000n\000s\000\040\000A\000l\000g\000o\000r\000i\000t\000h\000m}{subsection.15.5}% 44
\BOOKMARK [1][-]{section.16}{\376\377\000E\000s\000t\000i\000m\000a\000t\000i\000o\000n\000\040\000f\000o\000r\000\040\000A\000R\000M\000A\000\040\000M\000o\000d\000e\000l\000s}{}% 45
\BOOKMARK [2][-]{subsection.16.1}{\376\377\000P\000a\000r\000a\000m\000e\000t\000e\000r\000\040\000E\000s\000t\000i\000m\000a\000t\000i\000o\000n\000\040\000f\000o\000r\000\040\000A\000u\000t\000o\000r\000e\000g\000r\000e\000s\000s\000i\000v\000e\000\040\000P\000r\000o\000c\000e\000s\000s\000e\000s}{section.16}% 46
\BOOKMARK [3][-]{subsubsection.16.1.1}{\376\377\000Y\000u\000l\000e\000-\000W\000a\000l\000k\000e\000r\000\040\000E\000s\000t\000i\000m\000a\000t\000e\000s}{subsection.16.1}% 47
\BOOKMARK [3][-]{subsubsection.16.1.2}{\376\377\000L\000a\000r\000g\000e\000\040\000S\000a\000m\000p\000l\000e\000\040\000P\000r\000o\000p\000e\000r\000t\000i\000e\000s\000\040\000o\000f\000\040\000Y\000u\000l\000e\000-\000W\000a\000l\000k\000e\000r\000\040\000E\000s\000t\000i\000m\000a\000t\000e\000s}{subsection.16.1}% 48
\BOOKMARK [3][-]{subsubsection.16.1.3}{\376\377\000A\000n\000\040\000E\000x\000a\000m\000p\000l\000e\000\040\000o\000f\000\040\000Y\000u\000l\000e\000-\000W\000a\000l\000k\000e\000r\000\040\000E\000s\000t\000i\000m\000a\000t\000e\000s}{subsection.16.1}% 49
\BOOKMARK [3][-]{subsubsection.16.1.4}{\376\377\000M\000a\000x\000i\000m\000u\000m\000\040\000L\000i\000k\000e\000l\000i\000h\000o\000o\000d\000\040\000E\000s\000t\000i\000m\000a\000t\000i\000o\000n\000\040\000f\000o\000r\000\040\000A\000R\000\050\0001\000\051\000\040\000P\000r\000o\000c\000e\000s\000s}{subsection.16.1}% 50
\BOOKMARK [2][-]{subsection.16.2}{\376\377\000P\000a\000r\000a\000m\000e\000t\000e\000r\000\040\000E\000s\000t\000i\000m\000a\000t\000i\000o\000n\000\040\000f\000o\000r\000\040\000M\000o\000v\000i\000n\000g\000\040\000A\000v\000e\000r\000a\000g\000e\000\040\000P\000r\000o\000c\000e\000s\000s\000\040\000o\000f\000\040\000O\000r\000d\000e\000r\000\040\0001}{section.16}% 51
\BOOKMARK [3][-]{subsubsection.16.2.1}{\376\377\000M\000e\000t\000h\000o\000d\000\040\000o\000f\000\040\000M\000o\000m\000e\000n\000t\000s\000\040\000E\000s\000t\000i\000m\000a\000t\000i\000o\000n}{subsection.16.2}% 52
\BOOKMARK [3][-]{subsubsection.16.2.2}{\376\377\000A\000s\000y\000m\000p\000t\000o\000t\000i\000c\000\040\000P\000r\000o\000p\000e\000r\000t\000i\000e\000s\000\040\000o\000f\000\040\000M\000e\000t\000h\000o\000d\000\040\000o\000f\000\040\000M\000o\000m\000e\000n\000t\000s\000\040\000E\000s\000t\000i\000m\000a\000t\000o\000r}{subsection.16.2}% 53
\BOOKMARK [2][-]{subsection.16.3}{\376\377\000P\000a\000r\000a\000m\000e\000t\000e\000r\000\040\000E\000s\000t\000i\000m\000a\000t\000i\000o\000n\000\040\000f\000o\000r\000\040\000A\000R\000M\000A\000\050\000p\000,\000\040\000q\000\051\000\040\000P\000r\000o\000c\000e\000s\000s}{section.16}% 54
\BOOKMARK [3][-]{subsubsection.16.3.1}{\376\377\000M\000a\000x\000i\000m\000u\000m\000\040\000L\000i\000k\000e\000l\000i\000h\000o\000o\000d\000\040\000E\000s\000t\000i\000m\000a\000t\000i\000o\000n}{subsection.16.3}% 55
\BOOKMARK [2][-]{subsection.16.4}{\376\377\000L\000a\000r\000g\000e\000\040\000S\000a\000m\000p\000l\000e\000\040\000D\000i\000s\000t\000r\000i\000b\000u\000t\000i\000o\000n\000\040\000o\000f\000\040\000t\000h\000e\000\040\000E\000s\000t\000i\000m\000a\000t\000o\000r\000s}{section.16}% 56
